Archive member included to satisfy reference by file (symbol)

/home/uli/.p2/pool/plugins/fr.ac6.mcu.externaltools.arm-none.linux64_1.16.0.201807130628/tools/st-gnu-arm-gcc-7-2017-q4-major_gdb-5_4-2016q3/bin/../lib/gcc/arm-none-eabi/7.2.1/../../../../arm-none-eabi/lib/thumb/v7-m/libc_nano.a(lib_a-exit.o)
                              /home/uli/.p2/pool/plugins/fr.ac6.mcu.externaltools.arm-none.linux64_1.16.0.201807130628/tools/st-gnu-arm-gcc-7-2017-q4-major_gdb-5_4-2016q3/bin/../lib/gcc/arm-none-eabi/7.2.1/../../../../arm-none-eabi/lib/thumb/v7-m/crt0.o (exit)
/home/uli/.p2/pool/plugins/fr.ac6.mcu.externaltools.arm-none.linux64_1.16.0.201807130628/tools/st-gnu-arm-gcc-7-2017-q4-major_gdb-5_4-2016q3/bin/../lib/gcc/arm-none-eabi/7.2.1/../../../../arm-none-eabi/lib/thumb/v7-m/libc_nano.a(lib_a-impure.o)
                              /home/uli/.p2/pool/plugins/fr.ac6.mcu.externaltools.arm-none.linux64_1.16.0.201807130628/tools/st-gnu-arm-gcc-7-2017-q4-major_gdb-5_4-2016q3/bin/../lib/gcc/arm-none-eabi/7.2.1/../../../../arm-none-eabi/lib/thumb/v7-m/libc_nano.a(lib_a-exit.o) (_global_impure_ptr)
/home/uli/.p2/pool/plugins/fr.ac6.mcu.externaltools.arm-none.linux64_1.16.0.201807130628/tools/st-gnu-arm-gcc-7-2017-q4-major_gdb-5_4-2016q3/bin/../lib/gcc/arm-none-eabi/7.2.1/../../../../arm-none-eabi/lib/thumb/v7-m/libc_nano.a(lib_a-init.o)
                              /home/uli/.p2/pool/plugins/fr.ac6.mcu.externaltools.arm-none.linux64_1.16.0.201807130628/tools/st-gnu-arm-gcc-7-2017-q4-major_gdb-5_4-2016q3/bin/../lib/gcc/arm-none-eabi/7.2.1/../../../../arm-none-eabi/lib/thumb/v7-m/crt0.o (__libc_init_array)
/home/uli/.p2/pool/plugins/fr.ac6.mcu.externaltools.arm-none.linux64_1.16.0.201807130628/tools/st-gnu-arm-gcc-7-2017-q4-major_gdb-5_4-2016q3/bin/../lib/gcc/arm-none-eabi/7.2.1/../../../../arm-none-eabi/lib/thumb/v7-m/libc_nano.a(lib_a-memset.o)
                              /home/uli/.p2/pool/plugins/fr.ac6.mcu.externaltools.arm-none.linux64_1.16.0.201807130628/tools/st-gnu-arm-gcc-7-2017-q4-major_gdb-5_4-2016q3/bin/../lib/gcc/arm-none-eabi/7.2.1/../../../../arm-none-eabi/lib/thumb/v7-m/crt0.o (memset)
/home/uli/.p2/pool/plugins/fr.ac6.mcu.externaltools.arm-none.linux64_1.16.0.201807130628/tools/st-gnu-arm-gcc-7-2017-q4-major_gdb-5_4-2016q3/bin/../lib/gcc/arm-none-eabi/7.2.1/../../../../arm-none-eabi/lib/thumb/v7-m/libc_nano.a(lib_a-sprintf.o)
                              Src/main.o (sprintf)
/home/uli/.p2/pool/plugins/fr.ac6.mcu.externaltools.arm-none.linux64_1.16.0.201807130628/tools/st-gnu-arm-gcc-7-2017-q4-major_gdb-5_4-2016q3/bin/../lib/gcc/arm-none-eabi/7.2.1/../../../../arm-none-eabi/lib/thumb/v7-m/libc_nano.a(lib_a-strlen.o)
                              Src/main.o (strlen)
/home/uli/.p2/pool/plugins/fr.ac6.mcu.externaltools.arm-none.linux64_1.16.0.201807130628/tools/st-gnu-arm-gcc-7-2017-q4-major_gdb-5_4-2016q3/bin/../lib/gcc/arm-none-eabi/7.2.1/../../../../arm-none-eabi/lib/thumb/v7-m/libc_nano.a(lib_a-nano-svfprintf.o)
                              /home/uli/.p2/pool/plugins/fr.ac6.mcu.externaltools.arm-none.linux64_1.16.0.201807130628/tools/st-gnu-arm-gcc-7-2017-q4-major_gdb-5_4-2016q3/bin/../lib/gcc/arm-none-eabi/7.2.1/../../../../arm-none-eabi/lib/thumb/v7-m/libc_nano.a(lib_a-sprintf.o) (_svfprintf_r)
/home/uli/.p2/pool/plugins/fr.ac6.mcu.externaltools.arm-none.linux64_1.16.0.201807130628/tools/st-gnu-arm-gcc-7-2017-q4-major_gdb-5_4-2016q3/bin/../lib/gcc/arm-none-eabi/7.2.1/../../../../arm-none-eabi/lib/thumb/v7-m/libc_nano.a(lib_a-nano-vfprintf_i.o)
                              /home/uli/.p2/pool/plugins/fr.ac6.mcu.externaltools.arm-none.linux64_1.16.0.201807130628/tools/st-gnu-arm-gcc-7-2017-q4-major_gdb-5_4-2016q3/bin/../lib/gcc/arm-none-eabi/7.2.1/../../../../arm-none-eabi/lib/thumb/v7-m/libc_nano.a(lib_a-nano-svfprintf.o) (_printf_i)
/home/uli/.p2/pool/plugins/fr.ac6.mcu.externaltools.arm-none.linux64_1.16.0.201807130628/tools/st-gnu-arm-gcc-7-2017-q4-major_gdb-5_4-2016q3/bin/../lib/gcc/arm-none-eabi/7.2.1/../../../../arm-none-eabi/lib/thumb/v7-m/libc_nano.a(lib_a-memchr-stub.o)
                              /home/uli/.p2/pool/plugins/fr.ac6.mcu.externaltools.arm-none.linux64_1.16.0.201807130628/tools/st-gnu-arm-gcc-7-2017-q4-major_gdb-5_4-2016q3/bin/../lib/gcc/arm-none-eabi/7.2.1/../../../../arm-none-eabi/lib/thumb/v7-m/libc_nano.a(lib_a-nano-svfprintf.o) (memchr)
/home/uli/.p2/pool/plugins/fr.ac6.mcu.externaltools.arm-none.linux64_1.16.0.201807130628/tools/st-gnu-arm-gcc-7-2017-q4-major_gdb-5_4-2016q3/bin/../lib/gcc/arm-none-eabi/7.2.1/../../../../arm-none-eabi/lib/thumb/v7-m/libc_nano.a(lib_a-memcpy-stub.o)
                              /home/uli/.p2/pool/plugins/fr.ac6.mcu.externaltools.arm-none.linux64_1.16.0.201807130628/tools/st-gnu-arm-gcc-7-2017-q4-major_gdb-5_4-2016q3/bin/../lib/gcc/arm-none-eabi/7.2.1/../../../../arm-none-eabi/lib/thumb/v7-m/libc_nano.a(lib_a-nano-svfprintf.o) (memcpy)
[...]
Memory Configuration

Name             Origin             Length             Attributes
RAM              0x0000000020000000 0x0000000000004000 xrw
FLASH            0x0000000008000000 0x0000000000020000 xr
*default*        0x0000000000000000 0xffffffffffffffff

Linker script and memory map

LOAD /home/uli/.p2/pool/plugins/fr.ac6.mcu.externaltools.arm-none.linux64_1.16.0.201807130628/tools/st-gnu-arm-gcc-7-2017-q4-major_gdb-5_4-2016q3/bin/../lib/gcc/arm-none-eabi/7.2.1/thumb/v7-m/crti.o
LOAD /home/uli/.p2/pool/plugins/fr.ac6.mcu.externaltools.arm-none.linux64_1.16.0.201807130628/tools/st-gnu-arm-gcc-7-2017-q4-major_gdb-5_4-2016q3/bin/../lib/gcc/arm-none-eabi/7.2.1/thumb/v7-m/crtbegin.o
LOAD /home/uli/.p2/pool/plugins/fr.ac6.mcu.externaltools.arm-none.linux64_1.16.0.201807130628/tools/st-gnu-arm-gcc-7-2017-q4-major_gdb-5_4-2016q3/bin/../lib/gcc/arm-none-eabi/7.2.1/../../../../arm-none-eabi/lib/thumb/v7-m/crt0.o
LOAD Drivers/STM32L1xx_HAL_Driver/Src/stm32l1xx_hal.o
LOAD Drivers/STM32L1xx_HAL_Driver/Src/stm32l1xx_hal_cortex.o
LOAD Drivers/STM32L1xx_HAL_Driver/Src/stm32l1xx_hal_dma.o
LOAD Drivers/STM32L1xx_HAL_Driver/Src/stm32l1xx_hal_flash.o
LOAD Drivers/STM32L1xx_HAL_Driver/Src/stm32l1xx_hal_flash_ex.o
LOAD Drivers/STM32L1xx_HAL_Driver/Src/stm32l1xx_hal_flash_ramfunc.o
LOAD Drivers/STM32L1xx_HAL_Driver/Src/stm32l1xx_hal_gpio.o
LOAD Drivers/STM32L1xx_HAL_Driver/Src/stm32l1xx_hal_i2c.o
LOAD Drivers/STM32L1xx_HAL_Driver/Src/stm32l1xx_hal_pwr.o
LOAD Drivers/STM32L1xx_HAL_Driver/Src/stm32l1xx_hal_pwr_ex.o
LOAD Drivers/STM32L1xx_HAL_Driver/Src/stm32l1xx_hal_rcc.o
LOAD Drivers/STM32L1xx_HAL_Driver/Src/stm32l1xx_hal_rcc_ex.o
LOAD Drivers/STM32L1xx_HAL_Driver/Src/stm32l1xx_hal_tim.o
LOAD Drivers/STM32L1xx_HAL_Driver/Src/stm32l1xx_hal_tim_ex.o
LOAD Drivers/STM32L1xx_HAL_Driver/Src/stm32l1xx_hal_uart.o
LOAD Src/main.o
LOAD Src/stm32l1xx_hal_msp.o
LOAD Src/stm32l1xx_it.o
LOAD Src/system_stm32l1xx.o
LOAD startup/startup_stm32l151xb.o
LOAD /home/uli/.p2/pool/plugins/fr.ac6.mcu.externaltools.arm-none.linux64_1.16.0.201807130628/tools/st-gnu-arm-gcc-7-2017-q4-major_gdb-5_4-2016q3/bin/../lib/gcc/arm-none-eabi/7.2.1/../../../../arm-none-eabi/lib/thumb/v7-m/libm.a
START GROUP
LOAD /home/uli/.p2/pool/plugins/fr.ac6.mcu.externaltools.arm-none.linux64_1.16.0.201807130628/tools/st-gnu-arm-gcc-7-2017-q4-major_gdb-5_4-2016q3/bin/../lib/gcc/arm-none-eabi/7.2.1/thumb/v7-m/libgcc.a
LOAD /home/uli/.p2/pool/plugins/fr.ac6.mcu.externaltools.arm-none.linux64_1.16.0.201807130628/tools/st-gnu-arm-gcc-7-2017-q4-major_gdb-5_4-2016q3/bin/../lib/gcc/arm-none-eabi/7.2.1/../../../../arm-none-eabi/lib/thumb/v7-m/libc_nano.a
END GROUP
START GROUP
LOAD /home/uli/.p2/pool/plugins/fr.ac6.mcu.externaltools.arm-none.linux64_1.16.0.201807130628/tools/st-gnu-arm-gcc-7-2017-q4-major_gdb-5_4-2016q3/bin/../lib/gcc/arm-none-eabi/7.2.1/thumb/v7-m/libgcc.a
LOAD /home/uli/.p2/pool/plugins/fr.ac6.mcu.externaltools.arm-none.linux64_1.16.0.201807130628/tools/st-gnu-arm-gcc-7-2017-q4-major_gdb-5_4-2016q3/bin/../lib/gcc/arm-none-eabi/7.2.1/../../../../arm-none-eabi/lib/thumb/v7-m/libc_nano.a
LOAD /home/uli/.p2/pool/plugins/fr.ac6.mcu.externaltools.arm-none.linux64_1.16.0.201807130628/tools/st-gnu-arm-gcc-7-2017-q4-major_gdb-5_4-2016q3/bin/../lib/gcc/arm-none-eabi/7.2.1/../../../../arm-none-eabi/lib/thumb/v7-m/libnosys.a
END GROUP
START GROUP
LOAD /home/uli/.p2/pool/plugins/fr.ac6.mcu.externaltools.arm-none.linux64_1.16.0.201807130628/tools/st-gnu-arm-gcc-7-2017-q4-major_gdb-5_4-2016q3/bin/../lib/gcc/arm-none-eabi/7.2.1/thumb/v7-m/libgcc.a
LOAD /home/uli/.p2/pool/plugins/fr.ac6.mcu.externaltools.arm-none.linux64_1.16.0.201807130628/tools/st-gnu-arm-gcc-7-2017-q4-major_gdb-5_4-2016q3/bin/../lib/gcc/arm-none-eabi/7.2.1/../../../../arm-none-eabi/lib/thumb/v7-m/libc_nano.a
LOAD /home/uli/.p2/pool/plugins/fr.ac6.mcu.externaltools.arm-none.linux64_1.16.0.201807130628/tools/st-gnu-arm-gcc-7-2017-q4-major_gdb-5_4-2016q3/bin/../lib/gcc/arm-none-eabi/7.2.1/../../../../arm-none-eabi/lib/thumb/v7-m/libnosys.a
END GROUP
LOAD /home/uli/.p2/pool/plugins/fr.ac6.mcu.externaltools.arm-none.linux64_1.16.0.201807130628/tools/st-gnu-arm-gcc-7-2017-q4-major_gdb-5_4-2016q3/bin/../lib/gcc/arm-none-eabi/7.2.1/thumb/v7-m/crtend.o
LOAD /home/uli/.p2/pool/plugins/fr.ac6.mcu.externaltools.arm-none.linux64_1.16.0.201807130628/tools/st-gnu-arm-gcc-7-2017-q4-major_gdb-5_4-2016q3/bin/../lib/gcc/arm-none-eabi/7.2.1/thumb/v7-m/crtn.o
                0x0000000020004000                _estack = 0x20004000
                0x0000000000000200                _Min_Heap_Size = 0x200
                0x0000000000000400                _Min_Stack_Size = 0x400

.isr_vector     0x0000000008000000      0x13c
                0x0000000008000000                . = ALIGN (0x4)
 *(.isr_vector)
 .isr_vector    0x0000000008000000      0x13c startup/startup_stm32l151xb.o
                0x0000000008000000                g_pfnVectors
                0x000000000800013c                . = ALIGN (0x4)

.text           0x000000000800013c     0x2450
                0x000000000800013c                . = ALIGN (0x4)
 *(.text)
 .text          0x000000000800013c       0x40 /home/uli/.p2/pool/plugins/fr.ac6.mcu.externaltools.arm-none.linux64_1.16.0.201807130628/tools/st-gnu-arm-gcc-7-2017-q4-major_gdb-5_4-2016q3/bin/../lib/gcc/arm-none-eabi/7.2.1/thumb/v7-m/crtbegin.o
 .text          0x000000000800017c       0x10 /home/uli/.p2/pool/plugins/fr.ac6.mcu.externaltools.arm-none.linux64_1.16.0.201807130628/tools/st-gnu-arm-gcc-7-2017-q4-major_gdb-5_4-2016q3/bin/../lib/gcc/arm-none-eabi/7.2.1/../../../../arm-none-eabi/lib/thumb/v7-m/libc_nano.a(lib_a-strlen.o)
                0x000000000800017c                strlen
 *(.text*)
 .text.HAL_InitTick
                0x000000000800018c       0x2c Drivers/STM32L1xx_HAL_Driver/Src/stm32l1xx_hal.o
                0x000000000800018c                HAL_InitTick
 .text.HAL_Init
                0x00000000080001b8       0x16 Drivers/STM32L1xx_HAL_Driver/Src/stm32l1xx_hal.o
                0x00000000080001b8                HAL_Init
 *fill*         0x00000000080001ce        0x2 
 .text.HAL_IncTick
                0x00000000080001d0       0x10 Drivers/STM32L1xx_HAL_Driver/Src/stm32l1xx_hal.o
                0x00000000080001d0                HAL_IncTick
 .text.HAL_GetTick
                0x00000000080001e0        0xc Drivers/STM32L1xx_HAL_Driver/Src/stm32l1xx_hal.o
                0x00000000080001e0                HAL_GetTick
 .text.HAL_Delay
                0x00000000080001ec       0x1c Drivers/STM32L1xx_HAL_Driver/Src/stm32l1xx_hal.o
                0x00000000080001ec                HAL_Delay
 .text.HAL_NVIC_SetPriorityGrouping
                0x0000000008000208       0x24 Drivers/STM32L1xx_HAL_Driver/Src/stm32l1xx_hal_cortex.o
                0x0000000008000208                HAL_NVIC_SetPriorityGrouping
 .text.HAL_NVIC_SetPriority
                0x000000000800022c       0x68 Drivers/STM32L1xx_HAL_Driver/Src/stm32l1xx_hal_cortex.o
                0x000000000800022c                HAL_NVIC_SetPriority
 .text.HAL_SYSTICK_Config
                0x0000000008000294       0x2c Drivers/STM32L1xx_HAL_Driver/Src/stm32l1xx_hal_cortex.o
                0x0000000008000294                HAL_SYSTICK_Config
 .text.HAL_SYSTICK_CLKSourceConfig
                0x00000000080002c0       0x20 Drivers/STM32L1xx_HAL_Driver/Src/stm32l1xx_hal_cortex.o
                0x00000000080002c0                HAL_SYSTICK_CLKSourceConfig
 .text.HAL_SYSTICK_Callback
                0x00000000080002e0        0x2 Drivers/STM32L1xx_HAL_Driver/Src/stm32l1xx_hal_cortex.o
                0x00000000080002e0                HAL_SYSTICK_Callback
 .text.HAL_SYSTICK_IRQHandler
                0x00000000080002e2        0x8 Drivers/STM32L1xx_HAL_Driver/Src/stm32l1xx_hal_cortex.o
                0x00000000080002e2                HAL_SYSTICK_IRQHandler
 *fill*         0x00000000080002ea        0x2 
 .text.HAL_GPIO_Init
                0x00000000080002ec      0x194 Drivers/STM32L1xx_HAL_Driver/Src/stm32l1xx_hal_gpio.o
                0x00000000080002ec                HAL_GPIO_Init
 .text.HAL_GPIO_WritePin
                0x0000000008000480        0xc Drivers/STM32L1xx_HAL_Driver/Src/stm32l1xx_hal_gpio.o
                0x0000000008000480                HAL_GPIO_WritePin
 .text.I2C_WaitOnFlagUntilTimeout
                0x000000000800048c       0x68 Drivers/STM32L1xx_HAL_Driver/Src/stm32l1xx_hal_i2c.o
 .text.HAL_I2C_Init
                0x00000000080004f4      0x164 Drivers/STM32L1xx_HAL_Driver/Src/stm32l1xx_hal_i2c.o
                0x00000000080004f4                HAL_I2C_Init
 .text.HAL_I2C_IsDeviceReady
                0x0000000008000658      0x17c Drivers/STM32L1xx_HAL_Driver/Src/stm32l1xx_hal_i2c.o
                0x0000000008000658                HAL_I2C_IsDeviceReady
 .text.RCC_SetFlashLatencyFromMSIRange
                0x00000000080007d4       0x94 Drivers/STM32L1xx_HAL_Driver/Src/stm32l1xx_hal_rcc.o
 .text.HAL_RCC_OscConfig
                0x0000000008000868      0x78c Drivers/STM32L1xx_HAL_Driver/Src/stm32l1xx_hal_rcc.o
                0x0000000008000868                HAL_RCC_OscConfig
 .text.HAL_RCC_GetSysClockFreq
                0x0000000008000ff4       0x9c Drivers/STM32L1xx_HAL_Driver/Src/stm32l1xx_hal_rcc.o
                0x0000000008000ff4                HAL_RCC_GetSysClockFreq
 .text.HAL_RCC_ClockConfig
                0x0000000008001090      0x248 Drivers/STM32L1xx_HAL_Driver/Src/stm32l1xx_hal_rcc.o
                0x0000000008001090                HAL_RCC_ClockConfig
 .text.HAL_RCC_GetHCLKFreq
                0x00000000080012d8        0xc Drivers/STM32L1xx_HAL_Driver/Src/stm32l1xx_hal_rcc.o
                0x00000000080012d8                HAL_RCC_GetHCLKFreq
 .text.HAL_RCC_GetPCLK1Freq
                0x00000000080012e4       0x2c Drivers/STM32L1xx_HAL_Driver/Src/stm32l1xx_hal_rcc.o
                0x00000000080012e4                HAL_RCC_GetPCLK1Freq
 .text.HAL_RCC_GetPCLK2Freq
                0x0000000008001310       0x2c Drivers/STM32L1xx_HAL_Driver/Src/stm32l1xx_hal_rcc.o
                0x0000000008001310                HAL_RCC_GetPCLK2Freq
 .text.UART_SetConfig
                0x000000000800133c      0x320 Drivers/STM32L1xx_HAL_Driver/Src/stm32l1xx_hal_uart.o
 .text.UART_WaitOnFlagUntilTimeout
                0x000000000800165c       0xca Drivers/STM32L1xx_HAL_Driver/Src/stm32l1xx_hal_uart.o
 .text.HAL_UART_Init
                0x0000000008001726       0x5a Drivers/STM32L1xx_HAL_Driver/Src/stm32l1xx_hal_uart.o
                0x0000000008001726                HAL_UART_Init
 .text.HAL_UART_Transmit
                0x0000000008001780       0xe8 Drivers/STM32L1xx_HAL_Driver/Src/stm32l1xx_hal_uart.o
                0x0000000008001780                HAL_UART_Transmit
 .text.MX_GPIO_Init
                0x0000000008001868       0x6c Src/main.o
 .text._Error_Handler
                0x00000000080018d4        0x2 Src/main.o
                0x00000000080018d4                _Error_Handler
 *fill*         0x00000000080018d6        0x2 
 .text.MX_USART1_UART_Init
                0x00000000080018d8       0x3c Src/main.o
 .text.MX_I2C1_Init
                0x0000000008001914       0x40 Src/main.o
 .text.SystemClock_Config
                0x0000000008001954       0x98 Src/main.o
                0x0000000008001954                SystemClock_Config
 .text.main     0x00000000080019ec      0x110 Src/main.o
                0x00000000080019ec                main
 .text.HAL_MspInit
                0x0000000008001afc       0xa0 Src/stm32l1xx_hal_msp.o
                0x0000000008001afc                HAL_MspInit
 .text.HAL_I2C_MspInit
                0x0000000008001b9c       0x54 Src/stm32l1xx_hal_msp.o
                0x0000000008001b9c                HAL_I2C_MspInit
 .text.HAL_UART_MspInit
                0x0000000008001bf0       0x50 Src/stm32l1xx_hal_msp.o
                0x0000000008001bf0                HAL_UART_MspInit
 .text.NMI_Handler
                0x0000000008001c40        0x2 Src/stm32l1xx_it.o
                0x0000000008001c40                NMI_Handler
 .text.HardFault_Handler
                0x0000000008001c42        0x2 Src/stm32l1xx_it.o
                0x0000000008001c42                HardFault_Handler
 .text.MemManage_Handler
                0x0000000008001c44        0x2 Src/stm32l1xx_it.o
                0x0000000008001c44                MemManage_Handler
 .text.BusFault_Handler
                0x0000000008001c46        0x2 Src/stm32l1xx_it.o
                0x0000000008001c46                BusFault_Handler
 .text.UsageFault_Handler
                0x0000000008001c48        0x2 Src/stm32l1xx_it.o
                0x0000000008001c48                UsageFault_Handler
 .text.SVC_Handler
                0x0000000008001c4a        0x2 Src/stm32l1xx_it.o
                0x0000000008001c4a                SVC_Handler
 .text.DebugMon_Handler
                0x0000000008001c4c        0x2 Src/stm32l1xx_it.o
                0x0000000008001c4c                DebugMon_Handler
 .text.PendSV_Handler
                0x0000000008001c4e        0x2 Src/stm32l1xx_it.o
                0x0000000008001c4e                PendSV_Handler
 .text.SysTick_Handler
                0x0000000008001c50        0xc Src/stm32l1xx_it.o
                0x0000000008001c50                SysTick_Handler
 .text.SystemInit
                0x0000000008001c5c       0x48 Src/system_stm32l1xx.o
                0x0000000008001c5c                SystemInit
 .text.Reset_Handler
                0x0000000008001ca4       0x48 startup/startup_stm32l151xb.o
                0x0000000008001ca4                Reset_Handler
 .text.Default_Handler
                0x0000000008001cec        0x2 startup/startup_stm32l151xb.o
                0x0000000008001cec                RTC_Alarm_IRQHandler
                0x0000000008001cec                EXTI2_IRQHandler
                0x0000000008001cec                TIM10_IRQHandler
                0x0000000008001cec                USB_HP_IRQHandler
                0x0000000008001cec                TIM6_IRQHandler
                0x0000000008001cec                PVD_IRQHandler
                0x0000000008001cec                EXTI3_IRQHandler
                0x0000000008001cec                EXTI0_IRQHandler
                0x0000000008001cec                I2C2_EV_IRQHandler
                0x0000000008001cec                SPI1_IRQHandler
                0x0000000008001cec                USB_FS_WKUP_IRQHandler
                0x0000000008001cec                DMA1_Channel4_IRQHandler
                0x0000000008001cec                ADC1_IRQHandler
                0x0000000008001cec                USART3_IRQHandler
                0x0000000008001cec                DMA1_Channel7_IRQHandler
                0x0000000008001cec                TIM4_IRQHandler
                0x0000000008001cec                I2C1_EV_IRQHandler
                0x0000000008001cec                DMA1_Channel6_IRQHandler
                0x0000000008001cec                TIM3_IRQHandler
                0x0000000008001cec                RCC_IRQHandler
                0x0000000008001cec                DMA1_Channel1_IRQHandler
                0x0000000008001cec                Default_Handler
                0x0000000008001cec                EXTI15_10_IRQHandler
                0x0000000008001cec                TIM7_IRQHandler
                0x0000000008001cec                EXTI9_5_IRQHandler
                0x0000000008001cec                TIM9_IRQHandler
                0x0000000008001cec                TAMPER_STAMP_IRQHandler
                0x0000000008001cec                RTC_WKUP_IRQHandler
                0x0000000008001cec                SPI2_IRQHandler
                0x0000000008001cec                DMA1_Channel5_IRQHandler
                0x0000000008001cec                USB_LP_IRQHandler
                0x0000000008001cec                EXTI4_IRQHandler
                0x0000000008001cec                DMA1_Channel3_IRQHandler
                0x0000000008001cec                COMP_IRQHandler
                0x0000000008001cec                WWDG_IRQHandler
                0x0000000008001cec                TIM2_IRQHandler
                0x0000000008001cec                DAC_IRQHandler
                0x0000000008001cec                EXTI1_IRQHandler
                0x0000000008001cec                TIM11_IRQHandler
                0x0000000008001cec                USART2_IRQHandler
                0x0000000008001cec                I2C2_ER_IRQHandler
                0x0000000008001cec                DMA1_Channel2_IRQHandler
                0x0000000008001cec                FLASH_IRQHandler
                0x0000000008001cec                USART1_IRQHandler
                0x0000000008001cec                I2C1_ER_IRQHandler
 *fill*         0x0000000008001cee        0x2 
 .text.__libc_init_array
                0x0000000008001cf0       0x48 /home/uli/.p2/pool/plugins/fr.ac6.mcu.externaltools.arm-none.linux64_1.16.0.201807130628/tools/st-gnu-arm-gcc-7-2017-q4-major_gdb-5_4-2016q3/bin/../lib/gcc/arm-none-eabi/7.2.1/../../../../arm-none-eabi/lib/thumb/v7-m/libc_nano.a(lib_a-init.o)
                0x0000000008001cf0                __libc_init_array
 .text.sprintf  0x0000000008001d38       0x40 /home/uli/.p2/pool/plugins/fr.ac6.mcu.externaltools.arm-none.linux64_1.16.0.201807130628/tools/st-gnu-arm-gcc-7-2017-q4-major_gdb-5_4-2016q3/bin/../lib/gcc/arm-none-eabi/7.2.1/../../../../arm-none-eabi/lib/thumb/v7-m/libc_nano.a(lib_a-sprintf.o)
                0x0000000008001d38                sprintf
                0x0000000008001d38                siprintf
 .text.__ssputs_r
                0x0000000008001d78       0xb4 /home/uli/.p2/pool/plugins/fr.ac6.mcu.externaltools.arm-none.linux64_1.16.0.201807130628/tools/st-gnu-arm-gcc-7-2017-q4-major_gdb-5_4-2016q3/bin/../lib/gcc/arm-none-eabi/7.2.1/../../../../arm-none-eabi/lib/thumb/v7-m/libc_nano.a(lib_a-nano-svfprintf.o)
                0x0000000008001d78                __ssputs_r
 .text._svfprintf_r
                0x0000000008001e2c      0x1ec /home/uli/.p2/pool/plugins/fr.ac6.mcu.externaltools.arm-none.linux64_1.16.0.201807130628/tools/st-gnu-arm-gcc-7-2017-q4-major_gdb-5_4-2016q3/bin/../lib/gcc/arm-none-eabi/7.2.1/../../../../arm-none-eabi/lib/thumb/v7-m/libc_nano.a(lib_a-nano-svfprintf.o)
                0x0000000008001e2c                _svfprintf_r
                0x0000000008001e2c                _svfiprintf_r
 .text._printf_common
                0x0000000008002018       0xec /home/uli/.p2/pool/plugins/fr.ac6.mcu.externaltools.arm-none.linux64_1.16.0.201807130628/tools/st-gnu-arm-gcc-7-2017-q4-major_gdb-5_4-2016q3/bin/../lib/gcc/arm-none-eabi/7.2.1/../../../../arm-none-eabi/lib/thumb/v7-m/libc_nano.a(lib_a-nano-vfprintf_i.o)
                0x0000000008002018                _printf_common
 .text._printf_i
                0x0000000008002104      0x224 /home/uli/.p2/pool/plugins/fr.ac6.mcu.externaltools.arm-none.linux64_1.16.0.201807130628/tools/st-gnu-arm-gcc-7-2017-q4-major_gdb-5_4-2016q3/bin/../lib/gcc/arm-none-eabi/7.2.1/../../../../arm-none-eabi/lib/thumb/v7-m/libc_nano.a(lib_a-nano-vfprintf_i.o)
                0x0000000008002104                _printf_i
 .text.memchr   0x0000000008002328       0x1c /home/uli/.p2/pool/plugins/fr.ac6.mcu.externaltools.arm-none.linux64_1.16.0.201807130628/tools/st-gnu-arm-gcc-7-2017-q4-major_gdb-5_4-2016q3/bin/../lib/gcc/arm-none-eabi/7.2.1/../../../../arm-none-eabi/lib/thumb/v7-m/libc_nano.a(lib_a-memchr-stub.o)
                0x0000000008002328                memchr
 .text.memcpy   0x0000000008002344       0x16 /home/uli/.p2/pool/plugins/fr.ac6.mcu.externaltools.arm-none.linux64_1.16.0.201807130628/tools/st-gnu-arm-gcc-7-2017-q4-major_gdb-5_4-2016q3/bin/../lib/gcc/arm-none-eabi/7.2.1/../../../../arm-none-eabi/lib/thumb/v7-m/libc_nano.a(lib_a-memcpy-stub.o)
                0x0000000008002344                memcpy
 .text.memmove  0x000000000800235a       0x32 /home/uli/.p2/pool/plugins/fr.ac6.mcu.externaltools.arm-none.linux64_1.16.0.201807130628/tools/st-gnu-arm-gcc-7-2017-q4-major_gdb-5_4-2016q3/bin/../lib/gcc/arm-none-eabi/7.2.1/../../../../arm-none-eabi/lib/thumb/v7-m/libc_nano.a(lib_a-memmove.o)
                0x000000000800235a                memmove
 .text._free_r  0x000000000800238c       0x98 /home/uli/.p2/pool/plugins/fr.ac6.mcu.externaltools.arm-none.linux64_1.16.0.201807130628/tools/st-gnu-arm-gcc-7-2017-q4-major_gdb-5_4-2016q3/bin/../lib/gcc/arm-none-eabi/7.2.1/../../../../arm-none-eabi/lib/thumb/v7-m/libc_nano.a(lib_a-nano-freer.o)
                0x000000000800238c                _free_r
 .text._malloc_r
                0x0000000008002424       0xb4 /home/uli/.p2/pool/plugins/fr.ac6.mcu.externaltools.arm-none.linux64_1.16.0.201807130628/tools/st-gnu-arm-gcc-7-2017-q4-major_gdb-5_4-2016q3/bin/../lib/gcc/arm-none-eabi/7.2.1/../../../../arm-none-eabi/lib/thumb/v7-m/libc_nano.a(lib_a-nano-mallocr.o)
                0x0000000008002424                _malloc_r
 .text._realloc_r
                0x00000000080024d8       0x4c /home/uli/.p2/pool/plugins/fr.ac6.mcu.externaltools.arm-none.linux64_1.16.0.201807130628/tools/st-gnu-arm-gcc-7-2017-q4-major_gdb-5_4-2016q3/bin/../lib/gcc/arm-none-eabi/7.2.1/../../../../arm-none-eabi/lib/thumb/v7-m/libc_nano.a(lib_a-nano-reallocr.o)
                0x00000000080024d8                _realloc_r
 .text._sbrk_r  0x0000000008002524       0x20 /home/uli/.p2/pool/plugins/fr.ac6.mcu.externaltools.arm-none.linux64_1.16.0.201807130628/tools/st-gnu-arm-gcc-7-2017-q4-major_gdb-5_4-2016q3/bin/../lib/gcc/arm-none-eabi/7.2.1/../../../../arm-none-eabi/lib/thumb/v7-m/libc_nano.a(lib_a-sbrkr.o)
                0x0000000008002524                _sbrk_r
 .text.__malloc_lock
                0x0000000008002544        0x2 /home/uli/.p2/pool/plugins/fr.ac6.mcu.externaltools.arm-none.linux64_1.16.0.201807130628/tools/st-gnu-arm-gcc-7-2017-q4-major_gdb-5_4-2016q3/bin/../lib/gcc/arm-none-eabi/7.2.1/../../../../arm-none-eabi/lib/thumb/v7-m/libc_nano.a(lib_a-mlock.o)
                0x0000000008002544                __malloc_lock
 .text.__malloc_unlock
                0x0000000008002546        0x2 /home/uli/.p2/pool/plugins/fr.ac6.mcu.externaltools.arm-none.linux64_1.16.0.201807130628/tools/st-gnu-arm-gcc-7-2017-q4-major_gdb-5_4-2016q3/bin/../lib/gcc/arm-none-eabi/7.2.1/../../../../arm-none-eabi/lib/thumb/v7-m/libc_nano.a(lib_a-mlock.o)
                0x0000000008002546                __malloc_unlock
 .text._malloc_usable_size_r
                0x0000000008002548       0x10 /home/uli/.p2/pool/plugins/fr.ac6.mcu.externaltools.arm-none.linux64_1.16.0.201807130628/tools/st-gnu-arm-gcc-7-2017-q4-major_gdb-5_4-2016q3/bin/../lib/gcc/arm-none-eabi/7.2.1/../../../../arm-none-eabi/lib/thumb/v7-m/libc_nano.a(lib_a-nano-msizer.o)
                0x0000000008002548                _malloc_usable_size_r
 .text._sbrk    0x0000000008002558       0x1c /home/uli/.p2/pool/plugins/fr.ac6.mcu.externaltools.arm-none.linux64_1.16.0.201807130628/tools/st-gnu-arm-gcc-7-2017-q4-major_gdb-5_4-2016q3/bin/../lib/gcc/arm-none-eabi/7.2.1/../../../../arm-none-eabi/lib/thumb/v7-m/libnosys.a(sbrk.o)
                0x0000000008002558                _sbrk
 *(.glue_7)
 .glue_7        0x0000000008002574        0x0 linker stubs
 *(.glue_7t)
 .glue_7t       0x0000000008002574        0x0 linker stubs
 *(.eh_frame)
 .eh_frame      0x0000000008002574        0x0 /home/uli/.p2/pool/plugins/fr.ac6.mcu.externaltools.arm-none.linux64_1.16.0.201807130628/tools/st-gnu-arm-gcc-7-2017-q4-major_gdb-5_4-2016q3/bin/../lib/gcc/arm-none-eabi/7.2.1/thumb/v7-m/crtbegin.o
 *(.init)
 .init          0x0000000008002574        0x4 /home/uli/.p2/pool/plugins/fr.ac6.mcu.externaltools.arm-none.linux64_1.16.0.201807130628/tools/st-gnu-arm-gcc-7-2017-q4-major_gdb-5_4-2016q3/bin/../lib/gcc/arm-none-eabi/7.2.1/thumb/v7-m/crti.o
                0x0000000008002574                _init
 .init          0x0000000008002578        0x8 /home/uli/.p2/pool/plugins/fr.ac6.mcu.externaltools.arm-none.linux64_1.16.0.201807130628/tools/st-gnu-arm-gcc-7-2017-q4-major_gdb-5_4-2016q3/bin/../lib/gcc/arm-none-eabi/7.2.1/thumb/v7-m/crtn.o
 *(.fini)
 .fini          0x0000000008002580        0x4 /home/uli/.p2/pool/plugins/fr.ac6.mcu.externaltools.arm-none.linux64_1.16.0.201807130628/tools/st-gnu-arm-gcc-7-2017-q4-major_gdb-5_4-2016q3/bin/../lib/gcc/arm-none-eabi/7.2.1/thumb/v7-m/crti.o
                0x0000000008002580                _fini
 .fini          0x0000000008002584        0x8 /home/uli/.p2/pool/plugins/fr.ac6.mcu.externaltools.arm-none.linux64_1.16.0.201807130628/tools/st-gnu-arm-gcc-7-2017-q4-major_gdb-5_4-2016q3/bin/../lib/gcc/arm-none-eabi/7.2.1/thumb/v7-m/crtn.o
                0x000000000800258c                . = ALIGN (0x4)
                0x000000000800258c                _etext = .

.vfp11_veneer   0x000000000800258c        0x0
 .vfp11_veneer  0x000000000800258c        0x0 linker stubs

.v4_bx          0x000000000800258c        0x0
 .v4_bx         0x000000000800258c        0x0 linker stubs

.iplt           0x000000000800258c        0x0
 .iplt          0x000000000800258c        0x0 /home/uli/.p2/pool/plugins/fr.ac6.mcu.externaltools.arm-none.linux64_1.16.0.201807130628/tools/st-gnu-arm-gcc-7-2017-q4-major_gdb-5_4-2016q3/bin/../lib/gcc/arm-none-eabi/7.2.1/thumb/v7-m/crtbegin.o

.rodata         0x000000000800258c       0xf0
                0x000000000800258c                . = ALIGN (0x4)
 *(.rodata)
 .rodata        0x000000000800258c       0x24 Src/system_stm32l1xx.o
                0x000000000800258c                PLLMulTable
                0x0000000008002598                AHBPrescTable
                0x00000000080025a8                APBPrescTable
 *(.rodata*)
 .rodata.str1.4
                0x00000000080025b0       0x98 Src/main.o
                                         0x9b (size before relaxing)
 .rodata._svfprintf_r.str1.1
                0x0000000008002648       0x11 /home/uli/.p2/pool/plugins/fr.ac6.mcu.externaltools.arm-none.linux64_1.16.0.201807130628/tools/st-gnu-arm-gcc-7-2017-q4-major_gdb-5_4-2016q3/bin/../lib/gcc/arm-none-eabi/7.2.1/../../../../arm-none-eabi/lib/thumb/v7-m/libc_nano.a(lib_a-nano-svfprintf.o)
 .rodata._printf_i.str1.1
                0x0000000008002659       0x22 /home/uli/.p2/pool/plugins/fr.ac6.mcu.externaltools.arm-none.linux64_1.16.0.201807130628/tools/st-gnu-arm-gcc-7-2017-q4-major_gdb-5_4-2016q3/bin/../lib/gcc/arm-none-eabi/7.2.1/../../../../arm-none-eabi/lib/thumb/v7-m/libc_nano.a(lib_a-nano-vfprintf_i.o)
                0x000000000800267c                . = ALIGN (0x4)
 *fill*         0x000000000800267b        0x1 

.rel.dyn        0x000000000800267c        0x0
 .rel.iplt      0x000000000800267c        0x0 /home/uli/.p2/pool/plugins/fr.ac6.mcu.externaltools.arm-none.linux64_1.16.0.201807130628/tools/st-gnu-arm-gcc-7-2017-q4-major_gdb-5_4-2016q3/bin/../lib/gcc/arm-none-eabi/7.2.1/thumb/v7-m/crtbegin.o

.ARM.extab
 *(.ARM.extab* .gnu.linkonce.armextab.*)

.ARM            0x000000000800267c        0x0
                0x000000000800267c                __exidx_start = .
 *(.ARM.exidx*)
                0x000000000800267c                __exidx_end = .

.preinit_array  0x000000000800267c        0x0
                0x000000000800267c                PROVIDE (__preinit_array_start, .)
 *(.preinit_array*)
                0x000000000800267c                PROVIDE (__preinit_array_end, .)

.init_array     0x000000000800267c        0x4
                0x000000000800267c                PROVIDE (__init_array_start, .)
 *(SORT_BY_NAME(.init_array.*))
 *(.init_array*)
 .init_array    0x000000000800267c        0x4 /home/uli/.p2/pool/plugins/fr.ac6.mcu.externaltools.arm-none.linux64_1.16.0.201807130628/tools/st-gnu-arm-gcc-7-2017-q4-major_gdb-5_4-2016q3/bin/../lib/gcc/arm-none-eabi/7.2.1/thumb/v7-m/crtbegin.o
                0x0000000008002680                PROVIDE (__init_array_end, .)

.fini_array     0x0000000008002680        0x4
                [!provide]                        PROVIDE (__fini_array_start, .)
 *(SORT_BY_NAME(.fini_array.*))
 *(.fini_array*)
 .fini_array    0x0000000008002680        0x4 /home/uli/.p2/pool/plugins/fr.ac6.mcu.externaltools.arm-none.linux64_1.16.0.201807130628/tools/st-gnu-arm-gcc-7-2017-q4-major_gdb-5_4-2016q3/bin/../lib/gcc/arm-none-eabi/7.2.1/thumb/v7-m/crtbegin.o
                [!provide]                        PROVIDE (__fini_array_end, .)
                0x0000000008002684                _sidata = LOADADDR (.data)

.data           0x0000000020000000       0x68 load address 0x0000000008002684
                0x0000000020000000                . = ALIGN (0x4)
                0x0000000020000000                _sdata = .
 *(.data)
 .data          0x0000000020000000        0x4 Src/system_stm32l1xx.o
                0x0000000020000000                SystemCoreClock
 *(.data*)
 .data._impure_ptr
                0x0000000020000004        0x4 /home/uli/.p2/pool/plugins/fr.ac6.mcu.externaltools.arm-none.linux64_1.16.0.201807130628/tools/st-gnu-arm-gcc-7-2017-q4-major_gdb-5_4-2016q3/bin/../lib/gcc/arm-none-eabi/7.2.1/../../../../arm-none-eabi/lib/thumb/v7-m/libc_nano.a(lib_a-impure.o)
                0x0000000020000004                _impure_ptr
 .data.impure_data
                0x0000000020000008       0x60 /home/uli/.p2/pool/plugins/fr.ac6.mcu.externaltools.arm-none.linux64_1.16.0.201807130628/tools/st-gnu-arm-gcc-7-2017-q4-major_gdb-5_4-2016q3/bin/../lib/gcc/arm-none-eabi/7.2.1/../../../../arm-none-eabi/lib/thumb/v7-m/libc_nano.a(lib_a-impure.o)
                0x0000000020000068                . = ALIGN (0x4)
                0x0000000020000068                _edata = .

.igot.plt       0x0000000020000068        0x0 load address 0x00000000080026ec
 .igot.plt      0x0000000020000068        0x0 /home/uli/.p2/pool/plugins/fr.ac6.mcu.externaltools.arm-none.linux64_1.16.0.201807130628/tools/st-gnu-arm-gcc-7-2017-q4-major_gdb-5_4-2016q3/bin/../lib/gcc/arm-none-eabi/7.2.1/thumb/v7-m/crtbegin.o
                0x0000000020000068                . = ALIGN (0x4)

.bss            0x0000000020000068       0xc4 load address 0x00000000080026ec
                0x0000000020000068                _sbss = .
                0x0000000020000068                __bss_start__ = _sbss
 *(.bss)
 .bss           0x0000000020000068       0x1c /home/uli/.p2/pool/plugins/fr.ac6.mcu.externaltools.arm-none.linux64_1.16.0.201807130628/tools/st-gnu-arm-gcc-7-2017-q4-major_gdb-5_4-2016q3/bin/../lib/gcc/arm-none-eabi/7.2.1/thumb/v7-m/crtbegin.o
 *(.bss*)
 .bss.__malloc_free_list
                0x0000000020000084        0x4 /home/uli/.p2/pool/plugins/fr.ac6.mcu.externaltools.arm-none.linux64_1.16.0.201807130628/tools/st-gnu-arm-gcc-7-2017-q4-major_gdb-5_4-2016q3/bin/../lib/gcc/arm-none-eabi/7.2.1/../../../../arm-none-eabi/lib/thumb/v7-m/libc_nano.a(lib_a-nano-mallocr.o)
                0x0000000020000084                __malloc_free_list
 .bss.__malloc_sbrk_start
                0x0000000020000088        0x4 /home/uli/.p2/pool/plugins/fr.ac6.mcu.externaltools.arm-none.linux64_1.16.0.201807130628/tools/st-gnu-arm-gcc-7-2017-q4-major_gdb-5_4-2016q3/bin/../lib/gcc/arm-none-eabi/7.2.1/../../../../arm-none-eabi/lib/thumb/v7-m/libc_nano.a(lib_a-nano-mallocr.o)
                0x0000000020000088                __malloc_sbrk_start
 .bss.heap_end.4102
                0x000000002000008c        0x4 /home/uli/.p2/pool/plugins/fr.ac6.mcu.externaltools.arm-none.linux64_1.16.0.201807130628/tools/st-gnu-arm-gcc-7-2017-q4-major_gdb-5_4-2016q3/bin/../lib/gcc/arm-none-eabi/7.2.1/../../../../arm-none-eabi/lib/thumb/v7-m/libnosys.a(sbrk.o)
 *(COMMON)
 COMMON         0x0000000020000090        0x4 Drivers/STM32L1xx_HAL_Driver/Src/stm32l1xx_hal.o
                0x0000000020000090                uwTick
 COMMON         0x0000000020000094       0x94 Src/main.o
                0x0000000020000094                hi2c1
                0x00000000200000e8                huart1
 COMMON         0x0000000020000128        0x4 /home/uli/.p2/pool/plugins/fr.ac6.mcu.externaltools.arm-none.linux64_1.16.0.201807130628/tools/st-gnu-arm-gcc-7-2017-q4-major_gdb-5_4-2016q3/bin/../lib/gcc/arm-none-eabi/7.2.1/../../../../arm-none-eabi/lib/thumb/v7-m/libc_nano.a(lib_a-reent.o)
                0x0000000020000128                errno
                0x000000002000012c                . = ALIGN (0x4)
                0x000000002000012c                _ebss = .
                0x000000002000012c                __bss_end__ = _ebss

._user_heap_stack
                0x000000002000012c      0x604 load address 0x00000000080026ec
                0x0000000020000130                . = ALIGN (0x8)
 *fill*         0x000000002000012c        0x4 
                0x0000000020000130                PROVIDE (end, .)
                [!provide]                        PROVIDE (_end, .)
                0x0000000020000330                . = (. + _Min_Heap_Size)
 *fill*         0x0000000020000130      0x200 
                0x0000000020000730                . = (. + _Min_Stack_Size)
 *fill*         0x0000000020000330      0x400 
                0x0000000020000730                . = ALIGN (0x8)

/DISCARD/
 libc.a(*)
 libm.a(*)
 libgcc.a(*)

.ARM.attributes
                0x0000000000000000       0x29
 *(.ARM.attributes)
 .ARM.attributes
                0x0000000000000000       0x1d /home/uli/.p2/pool/plugins/fr.ac6.mcu.externaltools.arm-none.linux64_1.16.0.201807130628/tools/st-gnu-arm-gcc-7-2017-q4-major_gdb-5_4-2016q3/bin/../lib/gcc/arm-none-eabi/7.2.1/thumb/v7-m/crti.o
 .ARM.attributes
                0x000000000000001d       0x2d /home/uli/.p2/pool/plugins/fr.ac6.mcu.externaltools.arm-none.linux64_1.16.0.201807130628/tools/st-gnu-arm-gcc-7-2017-q4-major_gdb-5_4-2016q3/bin/../lib/gcc/arm-none-eabi/7.2.1/thumb/v7-m/crtbegin.o
 .ARM.attributes
                0x000000000000004a       0x33 Drivers/STM32L1xx_HAL_Driver/Src/stm32l1xx_hal.o
 .ARM.attributes
                0x000000000000007d       0x33 Drivers/STM32L1xx_HAL_Driver/Src/stm32l1xx_hal_cortex.o
 .ARM.attributes
                0x00000000000000b0       0x33 Drivers/STM32L1xx_HAL_Driver/Src/stm32l1xx_hal_gpio.o
 .ARM.attributes
                0x00000000000000e3       0x33 Drivers/STM32L1xx_HAL_Driver/Src/stm32l1xx_hal_i2c.o
 .ARM.attributes
                0x0000000000000116       0x33 Drivers/STM32L1xx_HAL_Driver/Src/stm32l1xx_hal_rcc.o
 .ARM.attributes
                0x0000000000000149       0x33 Drivers/STM32L1xx_HAL_Driver/Src/stm32l1xx_hal_uart.o
 .ARM.attributes
                0x000000000000017c       0x33 Src/main.o
 .ARM.attributes
                0x00000000000001af       0x33 Src/stm32l1xx_hal_msp.o
 .ARM.attributes
                0x00000000000001e2       0x33 Src/stm32l1xx_it.o
 .ARM.attributes
                0x0000000000000215       0x33 Src/system_stm32l1xx.o
 .ARM.attributes
                0x0000000000000248       0x21 startup/startup_stm32l151xb.o
 .ARM.attributes
                0x0000000000000269       0x2d /home/uli/.p2/pool/plugins/fr.ac6.mcu.externaltools.arm-none.linux64_1.16.0.201807130628/tools/st-gnu-arm-gcc-7-2017-q4-major_gdb-5_4-2016q3/bin/../lib/gcc/arm-none-eabi/7.2.1/../../../../arm-none-eabi/lib/thumb/v7-m/libc_nano.a(lib_a-impure.o)
 .ARM.attributes
                0x0000000000000296       0x2d /home/uli/.p2/pool/plugins/fr.ac6.mcu.externaltools.arm-none.linux64_1.16.0.201807130628/tools/st-gnu-arm-gcc-7-2017-q4-major_gdb-5_4-2016q3/bin/../lib/gcc/arm-none-eabi/7.2.1/../../../../arm-none-eabi/lib/thumb/v7-m/libc_nano.a(lib_a-init.o)
 .ARM.attributes
                0x00000000000002c3       0x2d /home/uli/.p2/pool/plugins/fr.ac6.mcu.externaltools.arm-none.linux64_1.16.0.201807130628/tools/st-gnu-arm-gcc-7-2017-q4-major_gdb-5_4-2016q3/bin/../lib/gcc/arm-none-eabi/7.2.1/../../../../arm-none-eabi/lib/thumb/v7-m/libc_nano.a(lib_a-sprintf.o)
 .ARM.attributes
                0x00000000000002f0       0x17 /home/uli/.p2/pool/plugins/fr.ac6.mcu.externaltools.arm-none.linux64_1.16.0.201807130628/tools/st-gnu-arm-gcc-7-2017-q4-major_gdb-5_4-2016q3/bin/../lib/gcc/arm-none-eabi/7.2.1/../../../../arm-none-eabi/lib/thumb/v7-m/libc_nano.a(lib_a-strlen.o)
 .ARM.attributes
                0x0000000000000307       0x2d /home/uli/.p2/pool/plugins/fr.ac6.mcu.externaltools.arm-none.linux64_1.16.0.201807130628/tools/st-gnu-arm-gcc-7-2017-q4-major_gdb-5_4-2016q3/bin/../lib/gcc/arm-none-eabi/7.2.1/../../../../arm-none-eabi/lib/thumb/v7-m/libc_nano.a(lib_a-nano-svfprintf.o)
 .ARM.attributes
                0x0000000000000334       0x2d /home/uli/.p2/pool/plugins/fr.ac6.mcu.externaltools.arm-none.linux64_1.16.0.201807130628/tools/st-gnu-arm-gcc-7-2017-q4-major_gdb-5_4-2016q3/bin/../lib/gcc/arm-none-eabi/7.2.1/../../../../arm-none-eabi/lib/thumb/v7-m/libc_nano.a(lib_a-nano-vfprintf_i.o)
 .ARM.attributes
                0x0000000000000361       0x2d /home/uli/.p2/pool/plugins/fr.ac6.mcu.externaltools.arm-none.linux64_1.16.0.201807130628/tools/st-gnu-arm-gcc-7-2017-q4-major_gdb-5_4-2016q3/bin/../lib/gcc/arm-none-eabi/7.2.1/../../../../arm-none-eabi/lib/thumb/v7-m/libc_nano.a(lib_a-memchr-stub.o)
 .ARM.attributes
                0x000000000000038e       0x2d /home/uli/.p2/pool/plugins/fr.ac6.mcu.externaltools.arm-none.linux64_1.16.0.201807130628/tools/st-gnu-arm-gcc-7-2017-q4-major_gdb-5_4-2016q3/bin/../lib/gcc/arm-none-eabi/7.2.1/../../../../arm-none-eabi/lib/thumb/v7-m/libc_nano.a(lib_a-memcpy-stub.o)
 .ARM.attributes
                0x00000000000003bb       0x2d /home/uli/.p2/pool/plugins/fr.ac6.mcu.externaltools.arm-none.linux64_1.16.0.201807130628/tools/st-gnu-arm-gcc-7-2017-q4-major_gdb-5_4-2016q3/bin/../lib/gcc/arm-none-eabi/7.2.1/../../../../arm-none-eabi/lib/thumb/v7-m/libc_nano.a(lib_a-memmove.o)
 .ARM.attributes
                0x00000000000003e8       0x2d /home/uli/.p2/pool/plugins/fr.ac6.mcu.externaltools.arm-none.linux64_1.16.0.201807130628/tools/st-gnu-arm-gcc-7-2017-q4-major_gdb-5_4-2016q3/bin/../lib/gcc/arm-none-eabi/7.2.1/../../../../arm-none-eabi/lib/thumb/v7-m/libc_nano.a(lib_a-nano-freer.o)
 .ARM.attributes
                0x0000000000000415       0x2d /home/uli/.p2/pool/plugins/fr.ac6.mcu.externaltools.arm-none.linux64_1.16.0.201807130628/tools/st-gnu-arm-gcc-7-2017-q4-major_gdb-5_4-2016q3/bin/../lib/gcc/arm-none-eabi/7.2.1/../../../../arm-none-eabi/lib/thumb/v7-m/libc_nano.a(lib_a-nano-mallocr.o)
 .ARM.attributes
                0x0000000000000442       0x2d /home/uli/.p2/pool/plugins/fr.ac6.mcu.externaltools.arm-none.linux64_1.16.0.201807130628/tools/st-gnu-arm-gcc-7-2017-q4-major_gdb-5_4-2016q3/bin/../lib/gcc/arm-none-eabi/7.2.1/../../../../arm-none-eabi/lib/thumb/v7-m/libc_nano.a(lib_a-nano-reallocr.o)
 .ARM.attributes
                0x000000000000046f       0x2d /home/uli/.p2/pool/plugins/fr.ac6.mcu.externaltools.arm-none.linux64_1.16.0.201807130628/tools/st-gnu-arm-gcc-7-2017-q4-major_gdb-5_4-2016q3/bin/../lib/gcc/arm-none-eabi/7.2.1/../../../../arm-none-eabi/lib/thumb/v7-m/libc_nano.a(lib_a-sbrkr.o)
 .ARM.attributes
                0x000000000000049c       0x2d /home/uli/.p2/pool/plugins/fr.ac6.mcu.externaltools.arm-none.linux64_1.16.0.201807130628/tools/st-gnu-arm-gcc-7-2017-q4-major_gdb-5_4-2016q3/bin/../lib/gcc/arm-none-eabi/7.2.1/../../../../arm-none-eabi/lib/thumb/v7-m/libc_nano.a(lib_a-mlock.o)
 .ARM.attributes
                0x00000000000004c9       0x2d /home/uli/.p2/pool/plugins/fr.ac6.mcu.externaltools.arm-none.linux64_1.16.0.201807130628/tools/st-gnu-arm-gcc-7-2017-q4-major_gdb-5_4-2016q3/bin/../lib/gcc/arm-none-eabi/7.2.1/../../../../arm-none-eabi/lib/thumb/v7-m/libc_nano.a(lib_a-nano-msizer.o)
 .ARM.attributes
                0x00000000000004f6       0x2d /home/uli/.p2/pool/plugins/fr.ac6.mcu.externaltools.arm-none.linux64_1.16.0.201807130628/tools/st-gnu-arm-gcc-7-2017-q4-major_gdb-5_4-2016q3/bin/../lib/gcc/arm-none-eabi/7.2.1/../../../../arm-none-eabi/lib/thumb/v7-m/libc_nano.a(lib_a-reent.o)
 .ARM.attributes
                0x0000000000000523       0x2d /home/uli/.p2/pool/plugins/fr.ac6.mcu.externaltools.arm-none.linux64_1.16.0.201807130628/tools/st-gnu-arm-gcc-7-2017-q4-major_gdb-5_4-2016q3/bin/../lib/gcc/arm-none-eabi/7.2.1/../../../../arm-none-eabi/lib/thumb/v7-m/libnosys.a(sbrk.o)
 .ARM.attributes
                0x0000000000000550       0x1d /home/uli/.p2/pool/plugins/fr.ac6.mcu.externaltools.arm-none.linux64_1.16.0.201807130628/tools/st-gnu-arm-gcc-7-2017-q4-major_gdb-5_4-2016q3/bin/../lib/gcc/arm-none-eabi/7.2.1/thumb/v7-m/crtn.o
OUTPUT(Rak811_I2C_scanner.elf elf32-littlearm)

.debug_info     0x0000000000000000     0xe95d
 .debug_info    0x0000000000000000      0xe8e Drivers/STM32L1xx_HAL_Driver/Src/stm32l1xx_hal.o
 .debug_info    0x0000000000000e8e     0x16a2 Drivers/STM32L1xx_HAL_Driver/Src/stm32l1xx_hal_cortex.o
 .debug_info    0x0000000000002530      0xe9a Drivers/STM32L1xx_HAL_Driver/Src/stm32l1xx_hal_gpio.o
 .debug_info    0x00000000000033ca     0x359c Drivers/STM32L1xx_HAL_Driver/Src/stm32l1xx_hal_i2c.o
 .debug_info    0x0000000000006966     0x1e8c Drivers/STM32L1xx_HAL_Driver/Src/stm32l1xx_hal_rcc.o
 .debug_info    0x00000000000087f2     0x1a29 Drivers/STM32L1xx_HAL_Driver/Src/stm32l1xx_hal_uart.o
 .debug_info    0x000000000000a21b     0x1ac5 Src/main.o
 .debug_info    0x000000000000bce0     0x15c1 Src/stm32l1xx_hal_msp.o
 .debug_info    0x000000000000d2a1      0xa24 Src/stm32l1xx_it.o
 .debug_info    0x000000000000dcc5      0xc76 Src/system_stm32l1xx.o
 .debug_info    0x000000000000e93b       0x22 startup/startup_stm32l151xb.o

.debug_abbrev   0x0000000000000000     0x1ba7
 .debug_abbrev  0x0000000000000000      0x2c9 Drivers/STM32L1xx_HAL_Driver/Src/stm32l1xx_hal.o
 .debug_abbrev  0x00000000000002c9      0x3ba Drivers/STM32L1xx_HAL_Driver/Src/stm32l1xx_hal_cortex.o
 .debug_abbrev  0x0000000000000683      0x2a7 Drivers/STM32L1xx_HAL_Driver/Src/stm32l1xx_hal_gpio.o
 .debug_abbrev  0x000000000000092a      0x2ea Drivers/STM32L1xx_HAL_Driver/Src/stm32l1xx_hal_i2c.o
 .debug_abbrev  0x0000000000000c14      0x352 Drivers/STM32L1xx_HAL_Driver/Src/stm32l1xx_hal_rcc.o
 .debug_abbrev  0x0000000000000f66      0x2fd Drivers/STM32L1xx_HAL_Driver/Src/stm32l1xx_hal_uart.o
 .debug_abbrev  0x0000000000001263      0x303 Src/main.o
 .debug_abbrev  0x0000000000001566      0x243 Src/stm32l1xx_hal_msp.o
 .debug_abbrev  0x00000000000017a9      0x1e7 Src/stm32l1xx_it.o
 .debug_abbrev  0x0000000000001990      0x205 Src/system_stm32l1xx.o
 .debug_abbrev  0x0000000000001b95       0x12 startup/startup_stm32l151xb.o

.debug_loc      0x0000000000000000     0x5378
 .debug_loc     0x0000000000000000       0x6a Drivers/STM32L1xx_HAL_Driver/Src/stm32l1xx_hal.o
 .debug_loc     0x000000000000006a      0x5ce Drivers/STM32L1xx_HAL_Driver/Src/stm32l1xx_hal_cortex.o
 .debug_loc     0x0000000000000638      0x38d Drivers/STM32L1xx_HAL_Driver/Src/stm32l1xx_hal_gpio.o
 .debug_loc     0x00000000000009c5     0x2988 Drivers/STM32L1xx_HAL_Driver/Src/stm32l1xx_hal_i2c.o
 .debug_loc     0x000000000000334d      0xb22 Drivers/STM32L1xx_HAL_Driver/Src/stm32l1xx_hal_rcc.o
 .debug_loc     0x0000000000003e6f     0x1268 Drivers/STM32L1xx_HAL_Driver/Src/stm32l1xx_hal_uart.o
 .debug_loc     0x00000000000050d7       0x5c Src/main.o
 .debug_loc     0x0000000000005133       0xb6 Src/stm32l1xx_hal_msp.o
 .debug_loc     0x00000000000051e9      0x18f Src/system_stm32l1xx.o

.debug_aranges  0x0000000000000000      0x730
 .debug_aranges
                0x0000000000000000       0xb0 Drivers/STM32L1xx_HAL_Driver/Src/stm32l1xx_hal.o
 .debug_aranges
                0x00000000000000b0       0xa8 Drivers/STM32L1xx_HAL_Driver/Src/stm32l1xx_hal_cortex.o
 .debug_aranges
                0x0000000000000158       0x58 Drivers/STM32L1xx_HAL_Driver/Src/stm32l1xx_hal_gpio.o
 .debug_aranges
                0x00000000000001b0      0x268 Drivers/STM32L1xx_HAL_Driver/Src/stm32l1xx_hal_i2c.o
 .debug_aranges
                0x0000000000000418       0x90 Drivers/STM32L1xx_HAL_Driver/Src/stm32l1xx_hal_rcc.o
 .debug_aranges
                0x00000000000004a8      0x150 Drivers/STM32L1xx_HAL_Driver/Src/stm32l1xx_hal_uart.o
 .debug_aranges
                0x00000000000005f8       0x48 Src/main.o
 .debug_aranges
                0x0000000000000640       0x40 Src/stm32l1xx_hal_msp.o
 .debug_aranges
                0x0000000000000680       0x60 Src/stm32l1xx_it.o
 .debug_aranges
                0x00000000000006e0       0x28 Src/system_stm32l1xx.o
 .debug_aranges
                0x0000000000000708       0x28 startup/startup_stm32l151xb.o

.debug_ranges   0x0000000000000000      0x700
 .debug_ranges  0x0000000000000000       0xa0 Drivers/STM32L1xx_HAL_Driver/Src/stm32l1xx_hal.o
 .debug_ranges  0x00000000000000a0       0xf8 Drivers/STM32L1xx_HAL_Driver/Src/stm32l1xx_hal_cortex.o
 .debug_ranges  0x0000000000000198       0x48 Drivers/STM32L1xx_HAL_Driver/Src/stm32l1xx_hal_gpio.o
 .debug_ranges  0x00000000000001e0      0x258 Drivers/STM32L1xx_HAL_Driver/Src/stm32l1xx_hal_i2c.o
 .debug_ranges  0x0000000000000438       0x98 Drivers/STM32L1xx_HAL_Driver/Src/stm32l1xx_hal_rcc.o
 .debug_ranges  0x00000000000004d0      0x140 Drivers/STM32L1xx_HAL_Driver/Src/stm32l1xx_hal_uart.o
 .debug_ranges  0x0000000000000610       0x38 Src/main.o
 .debug_ranges  0x0000000000000648       0x30 Src/stm32l1xx_hal_msp.o
 .debug_ranges  0x0000000000000678       0x50 Src/stm32l1xx_it.o
 .debug_ranges  0x00000000000006c8       0x18 Src/system_stm32l1xx.o
 .debug_ranges  0x00000000000006e0       0x20 startup/startup_stm32l151xb.o

.debug_macro    0x0000000000000000    0x142cd
 .debug_macro   0x0000000000000000      0x312 Drivers/STM32L1xx_HAL_Driver/Src/stm32l1xx_hal.o
 .debug_macro   0x0000000000000312      0xa60 Drivers/STM32L1xx_HAL_Driver/Src/stm32l1xx_hal.o
 .debug_macro   0x0000000000000d72       0x1c Drivers/STM32L1xx_HAL_Driver/Src/stm32l1xx_hal.o
 .debug_macro   0x0000000000000d8e       0x88 Drivers/STM32L1xx_HAL_Driver/Src/stm32l1xx_hal.o
 .debug_macro   0x0000000000000e16       0x2e Drivers/STM32L1xx_HAL_Driver/Src/stm32l1xx_hal.o
 .debug_macro   0x0000000000000e44       0x22 Drivers/STM32L1xx_HAL_Driver/Src/stm32l1xx_hal.o
 .debug_macro   0x0000000000000e66       0x22 Drivers/STM32L1xx_HAL_Driver/Src/stm32l1xx_hal.o
 .debug_macro   0x0000000000000e88       0x87 Drivers/STM32L1xx_HAL_Driver/Src/stm32l1xx_hal.o
 .debug_macro   0x0000000000000f0f       0x51 Drivers/STM32L1xx_HAL_Driver/Src/stm32l1xx_hal.o
 .debug_macro   0x0000000000000f60       0xef Drivers/STM32L1xx_HAL_Driver/Src/stm32l1xx_hal.o
 .debug_macro   0x000000000000104f       0x6a Drivers/STM32L1xx_HAL_Driver/Src/stm32l1xx_hal.o
 .debug_macro   0x00000000000010b9      0x1df Drivers/STM32L1xx_HAL_Driver/Src/stm32l1xx_hal.o
 .debug_macro   0x0000000000001298       0x34 Drivers/STM32L1xx_HAL_Driver/Src/stm32l1xx_hal.o
 .debug_macro   0x00000000000012cc       0x34 Drivers/STM32L1xx_HAL_Driver/Src/stm32l1xx_hal.o
 .debug_macro   0x0000000000001300      0xcb4 Drivers/STM32L1xx_HAL_Driver/Src/stm32l1xx_hal.o
 .debug_macro   0x0000000000001fb4     0xa33b Drivers/STM32L1xx_HAL_Driver/Src/stm32l1xx_hal.o
 .debug_macro   0x000000000000c2ef       0x43 Drivers/STM32L1xx_HAL_Driver/Src/stm32l1xx_hal.o
 .debug_macro   0x000000000000c332     0x342b Drivers/STM32L1xx_HAL_Driver/Src/stm32l1xx_hal.o
 .debug_macro   0x000000000000f75d       0x58 Drivers/STM32L1xx_HAL_Driver/Src/stm32l1xx_hal.o
 .debug_macro   0x000000000000f7b5       0x17 Drivers/STM32L1xx_HAL_Driver/Src/stm32l1xx_hal.o
 .debug_macro   0x000000000000f7cc       0x35 Drivers/STM32L1xx_HAL_Driver/Src/stm32l1xx_hal.o
 .debug_macro   0x000000000000f801       0x9c Drivers/STM32L1xx_HAL_Driver/Src/stm32l1xx_hal.o
 .debug_macro   0x000000000000f89d       0x16 Drivers/STM32L1xx_HAL_Driver/Src/stm32l1xx_hal.o
 .debug_macro   0x000000000000f8b3       0x97 Drivers/STM32L1xx_HAL_Driver/Src/stm32l1xx_hal.o
 .debug_macro   0x000000000000f94a      0x330 Drivers/STM32L1xx_HAL_Driver/Src/stm32l1xx_hal.o
 .debug_macro   0x000000000000fc7a       0xfd Drivers/STM32L1xx_HAL_Driver/Src/stm32l1xx_hal.o
 .debug_macro   0x000000000000fd77       0x10 Drivers/STM32L1xx_HAL_Driver/Src/stm32l1xx_hal.o
 .debug_macro   0x000000000000fd87       0x58 Drivers/STM32L1xx_HAL_Driver/Src/stm32l1xx_hal.o
 .debug_macro   0x000000000000fddf       0x1f Drivers/STM32L1xx_HAL_Driver/Src/stm32l1xx_hal.o
 .debug_macro   0x000000000000fdfe       0x43 Drivers/STM32L1xx_HAL_Driver/Src/stm32l1xx_hal.o
 .debug_macro   0x000000000000fe41       0x20 Drivers/STM32L1xx_HAL_Driver/Src/stm32l1xx_hal.o
 .debug_macro   0x000000000000fe61      0x18e Drivers/STM32L1xx_HAL_Driver/Src/stm32l1xx_hal.o
 .debug_macro   0x000000000000ffef       0x10 Drivers/STM32L1xx_HAL_Driver/Src/stm32l1xx_hal.o
 .debug_macro   0x000000000000ffff       0x1c Drivers/STM32L1xx_HAL_Driver/Src/stm32l1xx_hal.o
 .debug_macro   0x000000000001001b       0x52 Drivers/STM32L1xx_HAL_Driver/Src/stm32l1xx_hal.o
 .debug_macro   0x000000000001006d       0x40 Drivers/STM32L1xx_HAL_Driver/Src/stm32l1xx_hal.o
 .debug_macro   0x00000000000100ad       0x10 Drivers/STM32L1xx_HAL_Driver/Src/stm32l1xx_hal.o
 .debug_macro   0x00000000000100bd       0x40 Drivers/STM32L1xx_HAL_Driver/Src/stm32l1xx_hal.o
 .debug_macro   0x00000000000100fd       0xd7 Drivers/STM32L1xx_HAL_Driver/Src/stm32l1xx_hal.o
 .debug_macro   0x00000000000101d4       0x1c Drivers/STM32L1xx_HAL_Driver/Src/stm32l1xx_hal.o
 .debug_macro   0x00000000000101f0       0x3d Drivers/STM32L1xx_HAL_Driver/Src/stm32l1xx_hal.o
 .debug_macro   0x000000000001022d       0x16 Drivers/STM32L1xx_HAL_Driver/Src/stm32l1xx_hal.o
 .debug_macro   0x0000000000010243      0x16f Drivers/STM32L1xx_HAL_Driver/Src/stm32l1xx_hal.o
 .debug_macro   0x00000000000103b2       0x50 Drivers/STM32L1xx_HAL_Driver/Src/stm32l1xx_hal.o
 .debug_macro   0x0000000000010402      0xe3e Drivers/STM32L1xx_HAL_Driver/Src/stm32l1xx_hal.o
 .debug_macro   0x0000000000011240       0x63 Drivers/STM32L1xx_HAL_Driver/Src/stm32l1xx_hal.o
 .debug_macro   0x00000000000112a3      0x141 Drivers/STM32L1xx_HAL_Driver/Src/stm32l1xx_hal.o
 .debug_macro   0x00000000000113e4       0xa7 Drivers/STM32L1xx_HAL_Driver/Src/stm32l1xx_hal.o
 .debug_macro   0x000000000001148b      0x25d Drivers/STM32L1xx_HAL_Driver/Src/stm32l1xx_hal.o
 .debug_macro   0x00000000000116e8      0x23a Drivers/STM32L1xx_HAL_Driver/Src/stm32l1xx_hal.o
 .debug_macro   0x0000000000011922      0x10c Drivers/STM32L1xx_HAL_Driver/Src/stm32l1xx_hal.o
 .debug_macro   0x0000000000011a2e      0x286 Drivers/STM32L1xx_HAL_Driver/Src/stm32l1xx_hal.o
 .debug_macro   0x0000000000011cb4      0x225 Drivers/STM32L1xx_HAL_Driver/Src/stm32l1xx_hal.o
 .debug_macro   0x0000000000011ed9      0x1ed Drivers/STM32L1xx_HAL_Driver/Src/stm32l1xx_hal.o
 .debug_macro   0x00000000000120c6       0x22 Drivers/STM32L1xx_HAL_Driver/Src/stm32l1xx_hal.o
 .debug_macro   0x00000000000120e8      0x287 Drivers/STM32L1xx_HAL_Driver/Src/stm32l1xx_hal.o
 .debug_macro   0x000000000001236f      0x3ac Drivers/STM32L1xx_HAL_Driver/Src/stm32l1xx_hal.o
 .debug_macro   0x000000000001271b      0x2ee Drivers/STM32L1xx_HAL_Driver/Src/stm32l1xx_hal_cortex.o
 .debug_macro   0x0000000000012a09      0x327 Drivers/STM32L1xx_HAL_Driver/Src/stm32l1xx_hal_gpio.o
 .debug_macro   0x0000000000012d30      0x33c Drivers/STM32L1xx_HAL_Driver/Src/stm32l1xx_hal_i2c.o
 .debug_macro   0x000000000001306c      0x32a Drivers/STM32L1xx_HAL_Driver/Src/stm32l1xx_hal_rcc.o
 .debug_macro   0x0000000000013396      0x2ef Drivers/STM32L1xx_HAL_Driver/Src/stm32l1xx_hal_uart.o
 .debug_macro   0x0000000000013685      0x323 Src/main.o
 .debug_macro   0x00000000000139a8       0x16 Src/main.o
 .debug_macro   0x00000000000139be       0x35 Src/main.o
 .debug_macro   0x00000000000139f3      0x2ee Src/stm32l1xx_hal_msp.o
 .debug_macro   0x0000000000013ce1      0x2f8 Src/stm32l1xx_it.o
 .debug_macro   0x0000000000013fd9      0x2f4 Src/system_stm32l1xx.o

.debug_line     0x0000000000000000     0x794d
 .debug_line    0x0000000000000000      0x9bc Drivers/STM32L1xx_HAL_Driver/Src/stm32l1xx_hal.o
 .debug_line    0x00000000000009bc      0xa98 Drivers/STM32L1xx_HAL_Driver/Src/stm32l1xx_hal_cortex.o
 .debug_line    0x0000000000001454      0x9c2 Drivers/STM32L1xx_HAL_Driver/Src/stm32l1xx_hal_gpio.o
 .debug_line    0x0000000000001e16     0x19a9 Drivers/STM32L1xx_HAL_Driver/Src/stm32l1xx_hal_i2c.o
 .debug_line    0x00000000000037bf      0xe69 Drivers/STM32L1xx_HAL_Driver/Src/stm32l1xx_hal_rcc.o
 .debug_line    0x0000000000004628      0xf36 Drivers/STM32L1xx_HAL_Driver/Src/stm32l1xx_hal_uart.o
 .debug_line    0x000000000000555e      0x941 Src/main.o
 .debug_line    0x0000000000005e9f      0x8c7 Src/stm32l1xx_hal_msp.o
 .debug_line    0x0000000000006766      0x8e5 Src/stm32l1xx_it.o
 .debug_line    0x000000000000704b      0x885 Src/system_stm32l1xx.o
 .debug_line    0x00000000000078d0       0x7d startup/startup_stm32l151xb.o

.debug_str      0x0000000000000000    0x78144
 .debug_str     0x0000000000000000    0x75f3d Drivers/STM32L1xx_HAL_Driver/Src/stm32l1xx_hal.o
                                      0x762cf (size before relaxing)
 .debug_str     0x0000000000075f3d      0x3e0 Drivers/STM32L1xx_HAL_Driver/Src/stm32l1xx_hal_cortex.o
                                      0x7641a (size before relaxing)
 .debug_str     0x000000000007631d      0x294 Drivers/STM32L1xx_HAL_Driver/Src/stm32l1xx_hal_gpio.o
                                      0x75f3d (size before relaxing)
 .debug_str     0x00000000000765b1      0xe7b Drivers/STM32L1xx_HAL_Driver/Src/stm32l1xx_hal_i2c.o
                                      0x76b63 (size before relaxing)
 .debug_str     0x000000000007742c      0x521 Drivers/STM32L1xx_HAL_Driver/Src/stm32l1xx_hal_rcc.o
                                      0x762a5 (size before relaxing)
 .debug_str     0x000000000007794d      0x518 Drivers/STM32L1xx_HAL_Driver/Src/stm32l1xx_hal_uart.o
                                      0x763de (size before relaxing)
 .debug_str     0x0000000000077e65      0x11f Src/main.o
                                      0x768f8 (size before relaxing)
 .debug_str     0x0000000000077f84       0x1b Src/stm32l1xx_hal_msp.o
                                      0x76620 (size before relaxing)
 .debug_str     0x0000000000077f9f       0xb8 Src/stm32l1xx_it.o
                                      0x75cba (size before relaxing)
 .debug_str     0x0000000000078057       0x72 Src/system_stm32l1xx.o
                                      0x75d14 (size before relaxing)
 .debug_str     0x00000000000780c9       0x7b startup/startup_stm32l151xb.o

.comment        0x0000000000000000       0x7e
 .comment       0x0000000000000000       0x7e Drivers/STM32L1xx_HAL_Driver/Src/stm32l1xx_hal.o
                                         0x7f (size before relaxing)
 .comment       0x000000000000007e       0x7f Drivers/STM32L1xx_HAL_Driver/Src/stm32l1xx_hal_cortex.o
 .comment       0x000000000000007e       0x7f Drivers/STM32L1xx_HAL_Driver/Src/stm32l1xx_hal_gpio.o
 .comment       0x000000000000007e       0x7f Drivers/STM32L1xx_HAL_Driver/Src/stm32l1xx_hal_i2c.o
 .comment       0x000000000000007e       0x7f Drivers/STM32L1xx_HAL_Driver/Src/stm32l1xx_hal_rcc.o
 .comment       0x000000000000007e       0x7f Drivers/STM32L1xx_HAL_Driver/Src/stm32l1xx_hal_uart.o
 .comment       0x000000000000007e       0x7f Src/main.o
 .comment       0x000000000000007e       0x7f Src/stm32l1xx_hal_msp.o
 .comment       0x000000000000007e       0x7f Src/stm32l1xx_it.o
 .comment       0x000000000000007e       0x7f Src/system_stm32l1xx.o

.debug_frame    0x0000000000000000     0x16a0
 .debug_frame   0x0000000000000000      0x168 Drivers/STM32L1xx_HAL_Driver/Src/stm32l1xx_hal.o
 .debug_frame   0x0000000000000168      0x15c Drivers/STM32L1xx_HAL_Driver/Src/stm32l1xx_hal_cortex.o
 .debug_frame   0x00000000000002c4       0xec Drivers/STM32L1xx_HAL_Driver/Src/stm32l1xx_hal_gpio.o
 .debug_frame   0x00000000000003b0      0x854 Drivers/STM32L1xx_HAL_Driver/Src/stm32l1xx_hal_i2c.o
 .debug_frame   0x0000000000000c04      0x168 Drivers/STM32L1xx_HAL_Driver/Src/stm32l1xx_hal_rcc.o
 .debug_frame   0x0000000000000d6c      0x380 Drivers/STM32L1xx_HAL_Driver/Src/stm32l1xx_hal_uart.o
 .debug_frame   0x00000000000010ec       0xb0 Src/main.o
 .debug_frame   0x000000000000119c       0x94 Src/stm32l1xx_hal_msp.o
 .debug_frame   0x0000000000001230       0xa8 Src/stm32l1xx_it.o
 .debug_frame   0x00000000000012d8       0x30 Src/system_stm32l1xx.o
 .debug_frame   0x0000000000001308       0x2c /home/uli/.p2/pool/plugins/fr.ac6.mcu.externaltools.arm-none.linux64_1.16.0.201807130628/tools/st-gnu-arm-gcc-7-2017-q4-major_gdb-5_4-2016q3/bin/../lib/gcc/arm-none-eabi/7.2.1/../../../../arm-none-eabi/lib/thumb/v7-m/libc_nano.a(lib_a-init.o)
 .debug_frame   0x0000000000001334       0x6c /home/uli/.p2/pool/plugins/fr.ac6.mcu.externaltools.arm-none.linux64_1.16.0.201807130628/tools/st-gnu-arm-gcc-7-2017-q4-major_gdb-5_4-2016q3/bin/../lib/gcc/arm-none-eabi/7.2.1/../../../../arm-none-eabi/lib/thumb/v7-m/libc_nano.a(lib_a-sprintf.o)
 .debug_frame   0x00000000000013a0       0x90 /home/uli/.p2/pool/plugins/fr.ac6.mcu.externaltools.arm-none.linux64_1.16.0.201807130628/tools/st-gnu-arm-gcc-7-2017-q4-major_gdb-5_4-2016q3/bin/../lib/gcc/arm-none-eabi/7.2.1/../../../../arm-none-eabi/lib/thumb/v7-m/libc_nano.a(lib_a-nano-svfprintf.o)
 .debug_frame   0x0000000000001430       0x60 /home/uli/.p2/pool/plugins/fr.ac6.mcu.externaltools.arm-none.linux64_1.16.0.201807130628/tools/st-gnu-arm-gcc-7-2017-q4-major_gdb-5_4-2016q3/bin/../lib/gcc/arm-none-eabi/7.2.1/../../../../arm-none-eabi/lib/thumb/v7-m/libc_nano.a(lib_a-nano-vfprintf_i.o)
 .debug_frame   0x0000000000001490       0x28 /home/uli/.p2/pool/plugins/fr.ac6.mcu.externaltools.arm-none.linux64_1.16.0.201807130628/tools/st-gnu-arm-gcc-7-2017-q4-major_gdb-5_4-2016q3/bin/../lib/gcc/arm-none-eabi/7.2.1/../../../../arm-none-eabi/lib/thumb/v7-m/libc_nano.a(lib_a-memchr-stub.o)
 .debug_frame   0x00000000000014b8       0x28 /home/uli/.p2/pool/plugins/fr.ac6.mcu.externaltools.arm-none.linux64_1.16.0.201807130628/tools/st-gnu-arm-gcc-7-2017-q4-major_gdb-5_4-2016q3/bin/../lib/gcc/arm-none-eabi/7.2.1/../../../../arm-none-eabi/lib/thumb/v7-m/libc_nano.a(lib_a-memcpy-stub.o)
 .debug_frame   0x00000000000014e0       0x28 /home/uli/.p2/pool/plugins/fr.ac6.mcu.externaltools.arm-none.linux64_1.16.0.201807130628/tools/st-gnu-arm-gcc-7-2017-q4-major_gdb-5_4-2016q3/bin/../lib/gcc/arm-none-eabi/7.2.1/../../../../arm-none-eabi/lib/thumb/v7-m/libc_nano.a(lib_a-memmove.o)
 .debug_frame   0x0000000000001508       0x38 /home/uli/.p2/pool/plugins/fr.ac6.mcu.externaltools.arm-none.linux64_1.16.0.201807130628/tools/st-gnu-arm-gcc-7-2017-q4-major_gdb-5_4-2016q3/bin/../lib/gcc/arm-none-eabi/7.2.1/../../../../arm-none-eabi/lib/thumb/v7-m/libc_nano.a(lib_a-nano-freer.o)
 .debug_frame   0x0000000000001540       0x2c /home/uli/.p2/pool/plugins/fr.ac6.mcu.externaltools.arm-none.linux64_1.16.0.201807130628/tools/st-gnu-arm-gcc-7-2017-q4-major_gdb-5_4-2016q3/bin/../lib/gcc/arm-none-eabi/7.2.1/../../../../arm-none-eabi/lib/thumb/v7-m/libc_nano.a(lib_a-nano-mallocr.o)
 .debug_frame   0x000000000000156c       0x3c /home/uli/.p2/pool/plugins/fr.ac6.mcu.externaltools.arm-none.linux64_1.16.0.201807130628/tools/st-gnu-arm-gcc-7-2017-q4-major_gdb-5_4-2016q3/bin/../lib/gcc/arm-none-eabi/7.2.1/../../../../arm-none-eabi/lib/thumb/v7-m/libc_nano.a(lib_a-nano-reallocr.o)
 .debug_frame   0x00000000000015a8       0x2c /home/uli/.p2/pool/plugins/fr.ac6.mcu.externaltools.arm-none.linux64_1.16.0.201807130628/tools/st-gnu-arm-gcc-7-2017-q4-major_gdb-5_4-2016q3/bin/../lib/gcc/arm-none-eabi/7.2.1/../../../../arm-none-eabi/lib/thumb/v7-m/libc_nano.a(lib_a-sbrkr.o)
 .debug_frame   0x00000000000015d4       0x30 /home/uli/.p2/pool/plugins/fr.ac6.mcu.externaltools.arm-none.linux64_1.16.0.201807130628/tools/st-gnu-arm-gcc-7-2017-q4-major_gdb-5_4-2016q3/bin/../lib/gcc/arm-none-eabi/7.2.1/../../../../arm-none-eabi/lib/thumb/v7-m/libc_nano.a(lib_a-mlock.o)
 .debug_frame   0x0000000000001604       0x20 /home/uli/.p2/pool/plugins/fr.ac6.mcu.externaltools.arm-none.linux64_1.16.0.201807130628/tools/st-gnu-arm-gcc-7-2017-q4-major_gdb-5_4-2016q3/bin/../lib/gcc/arm-none-eabi/7.2.1/../../../../arm-none-eabi/lib/thumb/v7-m/libc_nano.a(lib_a-nano-msizer.o)
 .debug_frame   0x0000000000001624       0x5c /home/uli/.p2/pool/plugins/fr.ac6.mcu.externaltools.arm-none.linux64_1.16.0.201807130628/tools/st-gnu-arm-gcc-7-2017-q4-major_gdb-5_4-2016q3/bin/../lib/gcc/arm-none-eabi/7.2.1/../../../../arm-none-eabi/lib/thumb/v7-m/libc_nano.a(lib_a-reent.o)
 .debug_frame   0x0000000000001680       0x20 /home/uli/.p2/pool/plugins/fr.ac6.mcu.externaltools.arm-none.linux64_1.16.0.201807130628/tools/st-gnu-arm-gcc-7-2017-q4-major_gdb-5_4-2016q3/bin/../lib/gcc/arm-none-eabi/7.2.1/../../../../arm-none-eabi/lib/thumb/v7-m/libnosys.a(sbrk.o)
