Archive member included to satisfy reference by file (symbol)

/home/uli/.p2/pool/plugins/fr.ac6.mcu.externaltools.arm-none.linux64_1.16.0.201807130628/tools/st-gnu-arm-gcc-7-2017-q4-major_gdb-5_4-2016q3/bin/../lib/gcc/arm-none-eabi/7.2.1/../../../../arm-none-eabi/lib/thumb/v7-m/libc_nano.a(lib_a-errno.o)
                              Src/syscalls.o (__errno)
/home/uli/.p2/pool/plugins/fr.ac6.mcu.externaltools.arm-none.linux64_1.16.0.201807130628/tools/st-gnu-arm-gcc-7-2017-q4-major_gdb-5_4-2016q3/bin/../lib/gcc/arm-none-eabi/7.2.1/../../../../arm-none-eabi/lib/thumb/v7-m/libc_nano.a(lib_a-exit.o)
                              /home/uli/.p2/pool/plugins/fr.ac6.mcu.externaltools.arm-none.linux64_1.16.0.201807130628/tools/st-gnu-arm-gcc-7-2017-q4-major_gdb-5_4-2016q3/bin/../lib/gcc/arm-none-eabi/7.2.1/../../../../arm-none-eabi/lib/thumb/v7-m/crt0.o (exit)
/home/uli/.p2/pool/plugins/fr.ac6.mcu.externaltools.arm-none.linux64_1.16.0.201807130628/tools/st-gnu-arm-gcc-7-2017-q4-major_gdb-5_4-2016q3/bin/../lib/gcc/arm-none-eabi/7.2.1/../../../../arm-none-eabi/lib/thumb/v7-m/libc_nano.a(lib_a-impure.o)
                              /home/uli/.p2/pool/plugins/fr.ac6.mcu.externaltools.arm-none.linux64_1.16.0.201807130628/tools/st-gnu-arm-gcc-7-2017-q4-major_gdb-5_4-2016q3/bin/../lib/gcc/arm-none-eabi/7.2.1/../../../../arm-none-eabi/lib/thumb/v7-m/libc_nano.a(lib_a-exit.o) (_global_impure_ptr)
/home/uli/.p2/pool/plugins/fr.ac6.mcu.externaltools.arm-none.linux64_1.16.0.201807130628/tools/st-gnu-arm-gcc-7-2017-q4-major_gdb-5_4-2016q3/bin/../lib/gcc/arm-none-eabi/7.2.1/../../../../arm-none-eabi/lib/thumb/v7-m/libc_nano.a(lib_a-init.o)
                              /home/uli/.p2/pool/plugins/fr.ac6.mcu.externaltools.arm-none.linux64_1.16.0.201807130628/tools/st-gnu-arm-gcc-7-2017-q4-major_gdb-5_4-2016q3/bin/../lib/gcc/arm-none-eabi/7.2.1/../../../../arm-none-eabi/lib/thumb/v7-m/crt0.o (__libc_init_array)
/home/uli/.p2/pool/plugins/fr.ac6.mcu.externaltools.arm-none.linux64_1.16.0.201807130628/tools/st-gnu-arm-gcc-7-2017-q4-major_gdb-5_4-2016q3/bin/../lib/gcc/arm-none-eabi/7.2.1/../../../../arm-none-eabi/lib/thumb/v7-m/libc_nano.a(lib_a-memset.o)
                              /home/uli/.p2/pool/plugins/fr.ac6.mcu.externaltools.arm-none.linux64_1.16.0.201807130628/tools/st-gnu-arm-gcc-7-2017-q4-major_gdb-5_4-2016q3/bin/../lib/gcc/arm-none-eabi/7.2.1/../../../../arm-none-eabi/lib/thumb/v7-m/crt0.o (memset)
/home/uli/.p2/pool/plugins/fr.ac6.mcu.externaltools.arm-none.linux64_1.16.0.201807130628/tools/st-gnu-arm-gcc-7-2017-q4-major_gdb-5_4-2016q3/bin/../lib/gcc/arm-none-eabi/7.2.1/../../../../arm-none-eabi/lib/thumb/v7-m/libc_nano.a(lib_a-puts.o)
                              Src/main.o (puts)
/home/uli/.p2/pool/plugins/fr.ac6.mcu.externaltools.arm-none.linux64_1.16.0.201807130628/tools/st-gnu-arm-gcc-7-2017-q4-major_gdb-5_4-2016q3/bin/../lib/gcc/arm-none-eabi/7.2.1/../../../../arm-none-eabi/lib/thumb/v7-m/libc_nano.a(lib_a-wbuf.o)
                              /home/uli/.p2/pool/plugins/fr.ac6.mcu.externaltools.arm-none.linux64_1.16.0.201807130628/tools/st-gnu-arm-gcc-7-2017-q4-major_gdb-5_4-2016q3/bin/../lib/gcc/arm-none-eabi/7.2.1/../../../../arm-none-eabi/lib/thumb/v7-m/libc_nano.a(lib_a-puts.o) (__swbuf_r)
/home/uli/.p2/pool/plugins/fr.ac6.mcu.externaltools.arm-none.linux64_1.16.0.201807130628/tools/st-gnu-arm-gcc-7-2017-q4-major_gdb-5_4-2016q3/bin/../lib/gcc/arm-none-eabi/7.2.1/../../../../arm-none-eabi/lib/thumb/v7-m/libc_nano.a(lib_a-wsetup.o)
                              /home/uli/.p2/pool/plugins/fr.ac6.mcu.externaltools.arm-none.linux64_1.16.0.201807130628/tools/st-gnu-arm-gcc-7-2017-q4-major_gdb-5_4-2016q3/bin/../lib/gcc/arm-none-eabi/7.2.1/../../../../arm-none-eabi/lib/thumb/v7-m/libc_nano.a(lib_a-puts.o) (__swsetup_r)
/home/uli/.p2/pool/plugins/fr.ac6.mcu.externaltools.arm-none.linux64_1.16.0.201807130628/tools/st-gnu-arm-gcc-7-2017-q4-major_gdb-5_4-2016q3/bin/../lib/gcc/arm-none-eabi/7.2.1/../../../../arm-none-eabi/lib/thumb/v7-m/libc_nano.a(lib_a-fflush.o)
                              /home/uli/.p2/pool/plugins/fr.ac6.mcu.externaltools.arm-none.linux64_1.16.0.201807130628/tools/st-gnu-arm-gcc-7-2017-q4-major_gdb-5_4-2016q3/bin/../lib/gcc/arm-none-eabi/7.2.1/../../../../arm-none-eabi/lib/thumb/v7-m/libc_nano.a(lib_a-wbuf.o) (_fflush_r)
/home/uli/.p2/pool/plugins/fr.ac6.mcu.externaltools.arm-none.linux64_1.16.0.201807130628/tools/st-gnu-arm-gcc-7-2017-q4-major_gdb-5_4-2016q3/bin/../lib/gcc/arm-none-eabi/7.2.1/../../../../arm-none-eabi/lib/thumb/v7-m/libc_nano.a(lib_a-findfp.o)
                              /home/uli/.p2/pool/plugins/fr.ac6.mcu.externaltools.arm-none.linux64_1.16.0.201807130628/tools/st-gnu-arm-gcc-7-2017-q4-major_gdb-5_4-2016q3/bin/../lib/gcc/arm-none-eabi/7.2.1/../../../../arm-none-eabi/lib/thumb/v7-m/libc_nano.a(lib_a-puts.o) (__sinit)
[...]
Memory Configuration

Name             Origin             Length             Attributes
RAM              0x0000000020000000 0x0000000000008000 xrw
FLASH            0x0000000008000000 0x0000000000020000 xr
*default*        0x0000000000000000 0xffffffffffffffff

Linker script and memory map

LOAD /home/uli/.p2/pool/plugins/fr.ac6.mcu.externaltools.arm-none.linux64_1.16.0.201807130628/tools/st-gnu-arm-gcc-7-2017-q4-major_gdb-5_4-2016q3/bin/../lib/gcc/arm-none-eabi/7.2.1/thumb/v7-m/crti.o
LOAD /home/uli/.p2/pool/plugins/fr.ac6.mcu.externaltools.arm-none.linux64_1.16.0.201807130628/tools/st-gnu-arm-gcc-7-2017-q4-major_gdb-5_4-2016q3/bin/../lib/gcc/arm-none-eabi/7.2.1/thumb/v7-m/crtbegin.o
LOAD /home/uli/.p2/pool/plugins/fr.ac6.mcu.externaltools.arm-none.linux64_1.16.0.201807130628/tools/st-gnu-arm-gcc-7-2017-q4-major_gdb-5_4-2016q3/bin/../lib/gcc/arm-none-eabi/7.2.1/../../../../arm-none-eabi/lib/thumb/v7-m/crt0.o
LOAD Drivers/STM32L1xx_HAL_Driver/Src/stm32l1xx_hal.o
LOAD Drivers/STM32L1xx_HAL_Driver/Src/stm32l1xx_hal_cortex.o
LOAD Drivers/STM32L1xx_HAL_Driver/Src/stm32l1xx_hal_dma.o
LOAD Drivers/STM32L1xx_HAL_Driver/Src/stm32l1xx_hal_flash.o
LOAD Drivers/STM32L1xx_HAL_Driver/Src/stm32l1xx_hal_flash_ex.o
LOAD Drivers/STM32L1xx_HAL_Driver/Src/stm32l1xx_hal_flash_ramfunc.o
LOAD Drivers/STM32L1xx_HAL_Driver/Src/stm32l1xx_hal_gpio.o
LOAD Drivers/STM32L1xx_HAL_Driver/Src/stm32l1xx_hal_pwr.o
LOAD Drivers/STM32L1xx_HAL_Driver/Src/stm32l1xx_hal_pwr_ex.o
LOAD Drivers/STM32L1xx_HAL_Driver/Src/stm32l1xx_hal_rcc.o
LOAD Drivers/STM32L1xx_HAL_Driver/Src/stm32l1xx_hal_rcc_ex.o
LOAD Drivers/STM32L1xx_HAL_Driver/Src/stm32l1xx_hal_tim.o
LOAD Drivers/STM32L1xx_HAL_Driver/Src/stm32l1xx_hal_tim_ex.o
LOAD Drivers/STM32L1xx_HAL_Driver/Src/stm32l1xx_hal_uart.o
LOAD Src/callbacks.o
LOAD Src/main.o
LOAD Src/stm32l1xx_hal_msp.o
LOAD Src/stm32l1xx_it.o
LOAD Src/syscalls.o
LOAD Src/system_stm32l1xx.o
LOAD Src/uart_io.o
LOAD startup/startup_stm32l151xba.o
LOAD /home/uli/.p2/pool/plugins/fr.ac6.mcu.externaltools.arm-none.linux64_1.16.0.201807130628/tools/st-gnu-arm-gcc-7-2017-q4-major_gdb-5_4-2016q3/bin/../lib/gcc/arm-none-eabi/7.2.1/../../../../arm-none-eabi/lib/thumb/v7-m/libm.a
START GROUP
LOAD /home/uli/.p2/pool/plugins/fr.ac6.mcu.externaltools.arm-none.linux64_1.16.0.201807130628/tools/st-gnu-arm-gcc-7-2017-q4-major_gdb-5_4-2016q3/bin/../lib/gcc/arm-none-eabi/7.2.1/thumb/v7-m/libgcc.a
LOAD /home/uli/.p2/pool/plugins/fr.ac6.mcu.externaltools.arm-none.linux64_1.16.0.201807130628/tools/st-gnu-arm-gcc-7-2017-q4-major_gdb-5_4-2016q3/bin/../lib/gcc/arm-none-eabi/7.2.1/../../../../arm-none-eabi/lib/thumb/v7-m/libc_nano.a
END GROUP
START GROUP
LOAD /home/uli/.p2/pool/plugins/fr.ac6.mcu.externaltools.arm-none.linux64_1.16.0.201807130628/tools/st-gnu-arm-gcc-7-2017-q4-major_gdb-5_4-2016q3/bin/../lib/gcc/arm-none-eabi/7.2.1/thumb/v7-m/libgcc.a
LOAD /home/uli/.p2/pool/plugins/fr.ac6.mcu.externaltools.arm-none.linux64_1.16.0.201807130628/tools/st-gnu-arm-gcc-7-2017-q4-major_gdb-5_4-2016q3/bin/../lib/gcc/arm-none-eabi/7.2.1/../../../../arm-none-eabi/lib/thumb/v7-m/libc_nano.a
LOAD /home/uli/.p2/pool/plugins/fr.ac6.mcu.externaltools.arm-none.linux64_1.16.0.201807130628/tools/st-gnu-arm-gcc-7-2017-q4-major_gdb-5_4-2016q3/bin/../lib/gcc/arm-none-eabi/7.2.1/../../../../arm-none-eabi/lib/thumb/v7-m/libnosys.a
END GROUP
START GROUP
LOAD /home/uli/.p2/pool/plugins/fr.ac6.mcu.externaltools.arm-none.linux64_1.16.0.201807130628/tools/st-gnu-arm-gcc-7-2017-q4-major_gdb-5_4-2016q3/bin/../lib/gcc/arm-none-eabi/7.2.1/thumb/v7-m/libgcc.a
LOAD /home/uli/.p2/pool/plugins/fr.ac6.mcu.externaltools.arm-none.linux64_1.16.0.201807130628/tools/st-gnu-arm-gcc-7-2017-q4-major_gdb-5_4-2016q3/bin/../lib/gcc/arm-none-eabi/7.2.1/../../../../arm-none-eabi/lib/thumb/v7-m/libc_nano.a
LOAD /home/uli/.p2/pool/plugins/fr.ac6.mcu.externaltools.arm-none.linux64_1.16.0.201807130628/tools/st-gnu-arm-gcc-7-2017-q4-major_gdb-5_4-2016q3/bin/../lib/gcc/arm-none-eabi/7.2.1/../../../../arm-none-eabi/lib/thumb/v7-m/libnosys.a
END GROUP
LOAD /home/uli/.p2/pool/plugins/fr.ac6.mcu.externaltools.arm-none.linux64_1.16.0.201807130628/tools/st-gnu-arm-gcc-7-2017-q4-major_gdb-5_4-2016q3/bin/../lib/gcc/arm-none-eabi/7.2.1/thumb/v7-m/crtend.o
LOAD /home/uli/.p2/pool/plugins/fr.ac6.mcu.externaltools.arm-none.linux64_1.16.0.201807130628/tools/st-gnu-arm-gcc-7-2017-q4-major_gdb-5_4-2016q3/bin/../lib/gcc/arm-none-eabi/7.2.1/thumb/v7-m/crtn.o
                0x0000000020008000                _estack = 0x20008000
                0x0000000000000200                _Min_Heap_Size = 0x200
                0x0000000000000400                _Min_Stack_Size = 0x400

.isr_vector     0x0000000008000000      0x13c
                0x0000000008000000                . = ALIGN (0x4)
 *(.isr_vector)
 .isr_vector    0x0000000008000000      0x13c startup/startup_stm32l151xba.o
                0x0000000008000000                g_pfnVectors
                0x000000000800013c                . = ALIGN (0x4)

.text           0x000000000800013c     0x255c
                0x000000000800013c                . = ALIGN (0x4)
 *(.text)
 .text          0x000000000800013c       0x40 /home/uli/.p2/pool/plugins/fr.ac6.mcu.externaltools.arm-none.linux64_1.16.0.201807130628/tools/st-gnu-arm-gcc-7-2017-q4-major_gdb-5_4-2016q3/bin/../lib/gcc/arm-none-eabi/7.2.1/thumb/v7-m/crtbegin.o
 *(.text*)
 .text.HAL_InitTick
                0x000000000800017c       0x2c Drivers/STM32L1xx_HAL_Driver/Src/stm32l1xx_hal.o
                0x000000000800017c                HAL_InitTick
 .text.HAL_Init
                0x00000000080001a8       0x16 Drivers/STM32L1xx_HAL_Driver/Src/stm32l1xx_hal.o
                0x00000000080001a8                HAL_Init
 *fill*         0x00000000080001be        0x2 
 .text.HAL_IncTick
                0x00000000080001c0       0x10 Drivers/STM32L1xx_HAL_Driver/Src/stm32l1xx_hal.o
                0x00000000080001c0                HAL_IncTick
 .text.HAL_GetTick
                0x00000000080001d0        0xc Drivers/STM32L1xx_HAL_Driver/Src/stm32l1xx_hal.o
                0x00000000080001d0                HAL_GetTick
 .text.HAL_NVIC_SetPriorityGrouping
                0x00000000080001dc       0x24 Drivers/STM32L1xx_HAL_Driver/Src/stm32l1xx_hal_cortex.o
                0x00000000080001dc                HAL_NVIC_SetPriorityGrouping
 .text.HAL_NVIC_SetPriority
                0x0000000008000200       0x68 Drivers/STM32L1xx_HAL_Driver/Src/stm32l1xx_hal_cortex.o
                0x0000000008000200                HAL_NVIC_SetPriority
 .text.HAL_NVIC_EnableIRQ
                0x0000000008000268       0x18 Drivers/STM32L1xx_HAL_Driver/Src/stm32l1xx_hal_cortex.o
                0x0000000008000268                HAL_NVIC_EnableIRQ
 .text.HAL_SYSTICK_Config
                0x0000000008000280       0x2c Drivers/STM32L1xx_HAL_Driver/Src/stm32l1xx_hal_cortex.o
                0x0000000008000280                HAL_SYSTICK_Config
 .text.HAL_SYSTICK_CLKSourceConfig
                0x00000000080002ac       0x20 Drivers/STM32L1xx_HAL_Driver/Src/stm32l1xx_hal_cortex.o
                0x00000000080002ac                HAL_SYSTICK_CLKSourceConfig
 .text.HAL_SYSTICK_Callback
                0x00000000080002cc        0x2 Drivers/STM32L1xx_HAL_Driver/Src/stm32l1xx_hal_cortex.o
                0x00000000080002cc                HAL_SYSTICK_Callback
 .text.HAL_SYSTICK_IRQHandler
                0x00000000080002ce        0x8 Drivers/STM32L1xx_HAL_Driver/Src/stm32l1xx_hal_cortex.o
                0x00000000080002ce                HAL_SYSTICK_IRQHandler
 *fill*         0x00000000080002d6        0x2 
 .text.HAL_GPIO_Init
                0x00000000080002d8      0x194 Drivers/STM32L1xx_HAL_Driver/Src/stm32l1xx_hal_gpio.o
                0x00000000080002d8                HAL_GPIO_Init
 .text.HAL_GPIO_WritePin
                0x000000000800046c        0xc Drivers/STM32L1xx_HAL_Driver/Src/stm32l1xx_hal_gpio.o
                0x000000000800046c                HAL_GPIO_WritePin
 .text.HAL_GPIO_TogglePin
                0x0000000008000478        0x8 Drivers/STM32L1xx_HAL_Driver/Src/stm32l1xx_hal_gpio.o
                0x0000000008000478                HAL_GPIO_TogglePin
 .text.RCC_SetFlashLatencyFromMSIRange
                0x0000000008000480       0x94 Drivers/STM32L1xx_HAL_Driver/Src/stm32l1xx_hal_rcc.o
 .text.HAL_RCC_OscConfig
                0x0000000008000514      0x78c Drivers/STM32L1xx_HAL_Driver/Src/stm32l1xx_hal_rcc.o
                0x0000000008000514                HAL_RCC_OscConfig
 .text.HAL_RCC_GetSysClockFreq
                0x0000000008000ca0       0x9c Drivers/STM32L1xx_HAL_Driver/Src/stm32l1xx_hal_rcc.o
                0x0000000008000ca0                HAL_RCC_GetSysClockFreq
 .text.HAL_RCC_ClockConfig
                0x0000000008000d3c      0x248 Drivers/STM32L1xx_HAL_Driver/Src/stm32l1xx_hal_rcc.o
                0x0000000008000d3c                HAL_RCC_ClockConfig
 .text.HAL_RCC_GetHCLKFreq
                0x0000000008000f84        0xc Drivers/STM32L1xx_HAL_Driver/Src/stm32l1xx_hal_rcc.o
                0x0000000008000f84                HAL_RCC_GetHCLKFreq
 .text.HAL_RCC_GetPCLK1Freq
                0x0000000008000f90       0x2c Drivers/STM32L1xx_HAL_Driver/Src/stm32l1xx_hal_rcc.o
                0x0000000008000f90                HAL_RCC_GetPCLK1Freq
 .text.HAL_RCC_GetPCLK2Freq
                0x0000000008000fbc       0x2c Drivers/STM32L1xx_HAL_Driver/Src/stm32l1xx_hal_rcc.o
                0x0000000008000fbc                HAL_RCC_GetPCLK2Freq
 .text.TIM_Base_SetConfig
                0x0000000008000fe8       0x68 Drivers/STM32L1xx_HAL_Driver/Src/stm32l1xx_hal_tim.o
 .text.TIM_TI1_ConfigInputStage
                0x0000000008001050       0x24 Drivers/STM32L1xx_HAL_Driver/Src/stm32l1xx_hal_tim.o
 .text.TIM_TI2_ConfigInputStage
                0x0000000008001074       0x26 Drivers/STM32L1xx_HAL_Driver/Src/stm32l1xx_hal_tim.o
 .text.TIM_ITRx_SetConfig
                0x000000000800109a       0x10 Drivers/STM32L1xx_HAL_Driver/Src/stm32l1xx_hal_tim.o
 .text.TIM_ETR_SetConfig
                0x00000000080010aa       0x16 Drivers/STM32L1xx_HAL_Driver/Src/stm32l1xx_hal_tim.o
 .text.HAL_TIM_Base_Init
                0x00000000080010c0       0x32 Drivers/STM32L1xx_HAL_Driver/Src/stm32l1xx_hal_tim.o
                0x00000000080010c0                HAL_TIM_Base_Init
 .text.HAL_TIM_Base_Start_IT
                0x00000000080010f2       0x18 Drivers/STM32L1xx_HAL_Driver/Src/stm32l1xx_hal_tim.o
                0x00000000080010f2                HAL_TIM_Base_Start_IT
 .text.HAL_TIM_OnePulse_MspInit
                0x000000000800110a        0x2 Drivers/STM32L1xx_HAL_Driver/Src/stm32l1xx_hal_tim.o
                0x000000000800110a                HAL_TIM_OnePulse_MspInit
 .text.HAL_TIM_OnePulse_Init
                0x000000000800110c       0x46 Drivers/STM32L1xx_HAL_Driver/Src/stm32l1xx_hal_tim.o
                0x000000000800110c                HAL_TIM_OnePulse_Init
 .text.HAL_TIM_ConfigClockSource
                0x0000000008001152      0x108 Drivers/STM32L1xx_HAL_Driver/Src/stm32l1xx_hal_tim.o
                0x0000000008001152                HAL_TIM_ConfigClockSource
 .text.HAL_TIM_OC_DelayElapsedCallback
                0x000000000800125a        0x2 Drivers/STM32L1xx_HAL_Driver/Src/stm32l1xx_hal_tim.o
                0x000000000800125a                HAL_TIM_OC_DelayElapsedCallback
 .text.HAL_TIM_IC_CaptureCallback
                0x000000000800125c        0x2 Drivers/STM32L1xx_HAL_Driver/Src/stm32l1xx_hal_tim.o
                0x000000000800125c                HAL_TIM_IC_CaptureCallback
 .text.HAL_TIM_PWM_PulseFinishedCallback
                0x000000000800125e        0x2 Drivers/STM32L1xx_HAL_Driver/Src/stm32l1xx_hal_tim.o
                0x000000000800125e                HAL_TIM_PWM_PulseFinishedCallback
 .text.HAL_TIM_TriggerCallback
                0x0000000008001260        0x2 Drivers/STM32L1xx_HAL_Driver/Src/stm32l1xx_hal_tim.o
                0x0000000008001260                HAL_TIM_TriggerCallback
 .text.HAL_TIM_IRQHandler
                0x0000000008001262      0x13a Drivers/STM32L1xx_HAL_Driver/Src/stm32l1xx_hal_tim.o
                0x0000000008001262                HAL_TIM_IRQHandler
 .text.HAL_TIMEx_MasterConfigSynchronization
                0x000000000800139c       0x52 Drivers/STM32L1xx_HAL_Driver/Src/stm32l1xx_hal_tim_ex.o
                0x000000000800139c                HAL_TIMEx_MasterConfigSynchronization
 *fill*         0x00000000080013ee        0x2 
 .text.UART_SetConfig
                0x00000000080013f0      0x320 Drivers/STM32L1xx_HAL_Driver/Src/stm32l1xx_hal_uart.o
 .text.HAL_UART_Init
                0x0000000008001710       0x5a Drivers/STM32L1xx_HAL_Driver/Src/stm32l1xx_hal_uart.o
                0x0000000008001710                HAL_UART_Init
 *fill*         0x000000000800176a        0x2 
 .text.HAL_TIM_PeriodElapsedCallback
                0x000000000800176c       0x54 Src/callbacks.o
                0x000000000800176c                HAL_TIM_PeriodElapsedCallback
 .text.MX_GPIO_Init
                0x00000000080017c0       0x90 Src/main.o
 .text._Error_Handler
                0x0000000008001850        0x2 Src/main.o
                0x0000000008001850                _Error_Handler
 *fill*         0x0000000008001852        0x2 
 .text.MX_USART1_UART_Init
                0x0000000008001854       0x3c Src/main.o
 .text.MX_TIM3_Init
                0x0000000008001890       0x70 Src/main.o
 .text.MX_TIM4_Init
                0x0000000008001900       0x80 Src/main.o
 .text.SystemClock_Config
                0x0000000008001980       0x98 Src/main.o
                0x0000000008001980                SystemClock_Config
 .text.main     0x0000000008001a18       0x44 Src/main.o
                0x0000000008001a18                main
 .text.HAL_MspInit
                0x0000000008001a5c       0xa0 Src/stm32l1xx_hal_msp.o
                0x0000000008001a5c                HAL_MspInit
 .text.HAL_TIM_Base_MspInit
                0x0000000008001afc       0x70 Src/stm32l1xx_hal_msp.o
                0x0000000008001afc                HAL_TIM_Base_MspInit
 .text.HAL_UART_MspInit
                0x0000000008001b6c       0x50 Src/stm32l1xx_hal_msp.o
                0x0000000008001b6c                HAL_UART_MspInit
 .text.NMI_Handler
                0x0000000008001bbc        0x2 Src/stm32l1xx_it.o
                0x0000000008001bbc                NMI_Handler
 .text.HardFault_Handler
                0x0000000008001bbe        0x2 Src/stm32l1xx_it.o
                0x0000000008001bbe                HardFault_Handler
 .text.MemManage_Handler
                0x0000000008001bc0        0x2 Src/stm32l1xx_it.o
                0x0000000008001bc0                MemManage_Handler
 .text.BusFault_Handler
                0x0000000008001bc2        0x2 Src/stm32l1xx_it.o
                0x0000000008001bc2                BusFault_Handler
 .text.UsageFault_Handler
                0x0000000008001bc4        0x2 Src/stm32l1xx_it.o
                0x0000000008001bc4                UsageFault_Handler
 .text.SVC_Handler
                0x0000000008001bc6        0x2 Src/stm32l1xx_it.o
                0x0000000008001bc6                SVC_Handler
 .text.DebugMon_Handler
                0x0000000008001bc8        0x2 Src/stm32l1xx_it.o
                0x0000000008001bc8                DebugMon_Handler
 .text.PendSV_Handler
                0x0000000008001bca        0x2 Src/stm32l1xx_it.o
                0x0000000008001bca                PendSV_Handler
 .text.SysTick_Handler
                0x0000000008001bcc        0xc Src/stm32l1xx_it.o
                0x0000000008001bcc                SysTick_Handler
 .text.TIM3_IRQHandler
                0x0000000008001bd8       0x10 Src/stm32l1xx_it.o
                0x0000000008001bd8                TIM3_IRQHandler
 .text.TIM4_IRQHandler
                0x0000000008001be8       0x10 Src/stm32l1xx_it.o
                0x0000000008001be8                TIM4_IRQHandler
 .text._read    0x0000000008001bf8       0x1c Src/syscalls.o
                0x0000000008001bf8                _read
 .text._write   0x0000000008001c14       0x1c Src/syscalls.o
                0x0000000008001c14                _write
 .text._sbrk    0x0000000008001c30       0x3c Src/syscalls.o
                0x0000000008001c30                _sbrk
 .text._close   0x0000000008001c6c        0x6 Src/syscalls.o
                0x0000000008001c6c                _close
 .text._fstat   0x0000000008001c72        0xa Src/syscalls.o
                0x0000000008001c72                _fstat
 .text._isatty  0x0000000008001c7c        0x4 Src/syscalls.o
                0x0000000008001c7c                _isatty
 .text._lseek   0x0000000008001c80        0x4 Src/syscalls.o
                0x0000000008001c80                _lseek
 .text.SystemInit
                0x0000000008001c84       0x48 Src/system_stm32l1xx.o
                0x0000000008001c84                SystemInit
 .text.__io_putchar
                0x0000000008001ccc       0x18 Src/uart_io.o
                0x0000000008001ccc                __io_putchar
 .text.__io_getchar
                0x0000000008001ce4       0x18 Src/uart_io.o
                0x0000000008001ce4                __io_getchar
 .text.Reset_Handler
                0x0000000008001cfc       0x50 startup/startup_stm32l151xba.o
                0x0000000008001cfc                Reset_Handler
 .text.Default_Handler
                0x0000000008001d4c        0x2 startup/startup_stm32l151xba.o
                0x0000000008001d4c                RTC_Alarm_IRQHandler
                0x0000000008001d4c                EXTI2_IRQHandler
                0x0000000008001d4c                TIM10_IRQHandler
                0x0000000008001d4c                USB_HP_IRQHandler
                0x0000000008001d4c                TIM6_IRQHandler
                0x0000000008001d4c                PVD_IRQHandler
                0x0000000008001d4c                EXTI3_IRQHandler
                0x0000000008001d4c                EXTI0_IRQHandler
                0x0000000008001d4c                I2C2_EV_IRQHandler
                0x0000000008001d4c                SPI1_IRQHandler
                0x0000000008001d4c                USB_FS_WKUP_IRQHandler
                0x0000000008001d4c                DMA1_Channel4_IRQHandler
                0x0000000008001d4c                ADC1_IRQHandler
                0x0000000008001d4c                USART3_IRQHandler
                0x0000000008001d4c                DMA1_Channel7_IRQHandler
                0x0000000008001d4c                I2C1_EV_IRQHandler
                0x0000000008001d4c                DMA1_Channel6_IRQHandler
                0x0000000008001d4c                RCC_IRQHandler
                0x0000000008001d4c                DMA1_Channel1_IRQHandler
                0x0000000008001d4c                Default_Handler
                0x0000000008001d4c                EXTI15_10_IRQHandler
                0x0000000008001d4c                TIM7_IRQHandler
                0x0000000008001d4c                EXTI9_5_IRQHandler
                0x0000000008001d4c                TIM9_IRQHandler
                0x0000000008001d4c                TAMPER_STAMP_IRQHandler
                0x0000000008001d4c                RTC_WKUP_IRQHandler
                0x0000000008001d4c                SPI2_IRQHandler
                0x0000000008001d4c                DMA1_Channel5_IRQHandler
                0x0000000008001d4c                USB_LP_IRQHandler
                0x0000000008001d4c                EXTI4_IRQHandler
                0x0000000008001d4c                DMA1_Channel3_IRQHandler
                0x0000000008001d4c                COMP_IRQHandler
                0x0000000008001d4c                WWDG_IRQHandler
                0x0000000008001d4c                TIM2_IRQHandler
                0x0000000008001d4c                DAC_IRQHandler
                0x0000000008001d4c                EXTI1_IRQHandler
                0x0000000008001d4c                TIM11_IRQHandler
                0x0000000008001d4c                USART2_IRQHandler
                0x0000000008001d4c                I2C2_ER_IRQHandler
                0x0000000008001d4c                DMA1_Channel2_IRQHandler
                0x0000000008001d4c                FLASH_IRQHandler
                0x0000000008001d4c                USART1_IRQHandler
                0x0000000008001d4c                I2C1_ER_IRQHandler
 *fill*         0x0000000008001d4e        0x2 
 .text.__errno  0x0000000008001d50        0xc /home/uli/.p2/pool/plugins/fr.ac6.mcu.externaltools.arm-none.linux64_1.16.0.201807130628/tools/st-gnu-arm-gcc-7-2017-q4-major_gdb-5_4-2016q3/bin/../lib/gcc/arm-none-eabi/7.2.1/../../../../arm-none-eabi/lib/thumb/v7-m/libc_nano.a(lib_a-errno.o)
                0x0000000008001d50                __errno
 .text.__libc_init_array
                0x0000000008001d5c       0x48 /home/uli/.p2/pool/plugins/fr.ac6.mcu.externaltools.arm-none.linux64_1.16.0.201807130628/tools/st-gnu-arm-gcc-7-2017-q4-major_gdb-5_4-2016q3/bin/../lib/gcc/arm-none-eabi/7.2.1/../../../../arm-none-eabi/lib/thumb/v7-m/libc_nano.a(lib_a-init.o)
                0x0000000008001d5c                __libc_init_array
 .text.memset   0x0000000008001da4       0x10 /home/uli/.p2/pool/plugins/fr.ac6.mcu.externaltools.arm-none.linux64_1.16.0.201807130628/tools/st-gnu-arm-gcc-7-2017-q4-major_gdb-5_4-2016q3/bin/../lib/gcc/arm-none-eabi/7.2.1/../../../../arm-none-eabi/lib/thumb/v7-m/libc_nano.a(lib_a-memset.o)
                0x0000000008001da4                memset
 .text._puts_r  0x0000000008001db4       0xb8 /home/uli/.p2/pool/plugins/fr.ac6.mcu.externaltools.arm-none.linux64_1.16.0.201807130628/tools/st-gnu-arm-gcc-7-2017-q4-major_gdb-5_4-2016q3/bin/../lib/gcc/arm-none-eabi/7.2.1/../../../../arm-none-eabi/lib/thumb/v7-m/libc_nano.a(lib_a-puts.o)
                0x0000000008001db4                _puts_r
 .text.puts     0x0000000008001e6c       0x10 /home/uli/.p2/pool/plugins/fr.ac6.mcu.externaltools.arm-none.linux64_1.16.0.201807130628/tools/st-gnu-arm-gcc-7-2017-q4-major_gdb-5_4-2016q3/bin/../lib/gcc/arm-none-eabi/7.2.1/../../../../arm-none-eabi/lib/thumb/v7-m/libc_nano.a(lib_a-puts.o)
                0x0000000008001e6c                puts
 .text.__swbuf_r
                0x0000000008001e7c       0xa4 /home/uli/.p2/pool/plugins/fr.ac6.mcu.externaltools.arm-none.linux64_1.16.0.201807130628/tools/st-gnu-arm-gcc-7-2017-q4-major_gdb-5_4-2016q3/bin/../lib/gcc/arm-none-eabi/7.2.1/../../../../arm-none-eabi/lib/thumb/v7-m/libc_nano.a(lib_a-wbuf.o)
                0x0000000008001e7c                __swbuf_r
 .text.__swsetup_r
                0x0000000008001f20       0xdc /home/uli/.p2/pool/plugins/fr.ac6.mcu.externaltools.arm-none.linux64_1.16.0.201807130628/tools/st-gnu-arm-gcc-7-2017-q4-major_gdb-5_4-2016q3/bin/../lib/gcc/arm-none-eabi/7.2.1/../../../../arm-none-eabi/lib/thumb/v7-m/libc_nano.a(lib_a-wsetup.o)
                0x0000000008001f20                __swsetup_r
 .text.__sflush_r
                0x0000000008001ffc      0x10c /home/uli/.p2/pool/plugins/fr.ac6.mcu.externaltools.arm-none.linux64_1.16.0.201807130628/tools/st-gnu-arm-gcc-7-2017-q4-major_gdb-5_4-2016q3/bin/../lib/gcc/arm-none-eabi/7.2.1/../../../../arm-none-eabi/lib/thumb/v7-m/libc_nano.a(lib_a-fflush.o)
                0x0000000008001ffc                __sflush_r
 .text._fflush_r
                0x0000000008002108       0x54 /home/uli/.p2/pool/plugins/fr.ac6.mcu.externaltools.arm-none.linux64_1.16.0.201807130628/tools/st-gnu-arm-gcc-7-2017-q4-major_gdb-5_4-2016q3/bin/../lib/gcc/arm-none-eabi/7.2.1/../../../../arm-none-eabi/lib/thumb/v7-m/libc_nano.a(lib_a-fflush.o)
                0x0000000008002108                _fflush_r
 .text.std      0x000000000800215c       0x48 /home/uli/.p2/pool/plugins/fr.ac6.mcu.externaltools.arm-none.linux64_1.16.0.201807130628/tools/st-gnu-arm-gcc-7-2017-q4-major_gdb-5_4-2016q3/bin/../lib/gcc/arm-none-eabi/7.2.1/../../../../arm-none-eabi/lib/thumb/v7-m/libc_nano.a(lib_a-findfp.o)
 .text._cleanup_r
                0x00000000080021a4        0xc /home/uli/.p2/pool/plugins/fr.ac6.mcu.externaltools.arm-none.linux64_1.16.0.201807130628/tools/st-gnu-arm-gcc-7-2017-q4-major_gdb-5_4-2016q3/bin/../lib/gcc/arm-none-eabi/7.2.1/../../../../arm-none-eabi/lib/thumb/v7-m/libc_nano.a(lib_a-findfp.o)
                0x00000000080021a4                _cleanup_r
 .text.__sfmoreglue
                0x00000000080021b0       0x2c /home/uli/.p2/pool/plugins/fr.ac6.mcu.externaltools.arm-none.linux64_1.16.0.201807130628/tools/st-gnu-arm-gcc-7-2017-q4-major_gdb-5_4-2016q3/bin/../lib/gcc/arm-none-eabi/7.2.1/../../../../arm-none-eabi/lib/thumb/v7-m/libc_nano.a(lib_a-findfp.o)
                0x00000000080021b0                __sfmoreglue
 .text.__sinit  0x00000000080021dc       0x60 /home/uli/.p2/pool/plugins/fr.ac6.mcu.externaltools.arm-none.linux64_1.16.0.201807130628/tools/st-gnu-arm-gcc-7-2017-q4-major_gdb-5_4-2016q3/bin/../lib/gcc/arm-none-eabi/7.2.1/../../../../arm-none-eabi/lib/thumb/v7-m/libc_nano.a(lib_a-findfp.o)
                0x00000000080021dc                __sinit
 .text.__sfp    0x000000000800223c       0x78 /home/uli/.p2/pool/plugins/fr.ac6.mcu.externaltools.arm-none.linux64_1.16.0.201807130628/tools/st-gnu-arm-gcc-7-2017-q4-major_gdb-5_4-2016q3/bin/../lib/gcc/arm-none-eabi/7.2.1/../../../../arm-none-eabi/lib/thumb/v7-m/libc_nano.a(lib_a-findfp.o)
                0x000000000800223c                __sfp
 .text._fwalk_reent
                0x00000000080022b4       0x3c /home/uli/.p2/pool/plugins/fr.ac6.mcu.externaltools.arm-none.linux64_1.16.0.201807130628/tools/st-gnu-arm-gcc-7-2017-q4-major_gdb-5_4-2016q3/bin/../lib/gcc/arm-none-eabi/7.2.1/../../../../arm-none-eabi/lib/thumb/v7-m/libc_nano.a(lib_a-fwalk.o)
                0x00000000080022b4                _fwalk_reent
 .text.__swhatbuf_r
                0x00000000080022f0       0x48 /home/uli/.p2/pool/plugins/fr.ac6.mcu.externaltools.arm-none.linux64_1.16.0.201807130628/tools/st-gnu-arm-gcc-7-2017-q4-major_gdb-5_4-2016q3/bin/../lib/gcc/arm-none-eabi/7.2.1/../../../../arm-none-eabi/lib/thumb/v7-m/libc_nano.a(lib_a-makebuf.o)
                0x00000000080022f0                __swhatbuf_r
 .text.__smakebuf_r
                0x0000000008002338       0x80 /home/uli/.p2/pool/plugins/fr.ac6.mcu.externaltools.arm-none.linux64_1.16.0.201807130628/tools/st-gnu-arm-gcc-7-2017-q4-major_gdb-5_4-2016q3/bin/../lib/gcc/arm-none-eabi/7.2.1/../../../../arm-none-eabi/lib/thumb/v7-m/libc_nano.a(lib_a-makebuf.o)
                0x0000000008002338                __smakebuf_r
 .text._free_r  0x00000000080023b8       0x98 /home/uli/.p2/pool/plugins/fr.ac6.mcu.externaltools.arm-none.linux64_1.16.0.201807130628/tools/st-gnu-arm-gcc-7-2017-q4-major_gdb-5_4-2016q3/bin/../lib/gcc/arm-none-eabi/7.2.1/../../../../arm-none-eabi/lib/thumb/v7-m/libc_nano.a(lib_a-nano-freer.o)
                0x00000000080023b8                _free_r
 .text._malloc_r
                0x0000000008002450       0xb4 /home/uli/.p2/pool/plugins/fr.ac6.mcu.externaltools.arm-none.linux64_1.16.0.201807130628/tools/st-gnu-arm-gcc-7-2017-q4-major_gdb-5_4-2016q3/bin/../lib/gcc/arm-none-eabi/7.2.1/../../../../arm-none-eabi/lib/thumb/v7-m/libc_nano.a(lib_a-nano-mallocr.o)
                0x0000000008002450                _malloc_r
 .text._sbrk_r  0x0000000008002504       0x20 /home/uli/.p2/pool/plugins/fr.ac6.mcu.externaltools.arm-none.linux64_1.16.0.201807130628/tools/st-gnu-arm-gcc-7-2017-q4-major_gdb-5_4-2016q3/bin/../lib/gcc/arm-none-eabi/7.2.1/../../../../arm-none-eabi/lib/thumb/v7-m/libc_nano.a(lib_a-sbrkr.o)
                0x0000000008002504                _sbrk_r
 .text.__sread  0x0000000008002524       0x22 /home/uli/.p2/pool/plugins/fr.ac6.mcu.externaltools.arm-none.linux64_1.16.0.201807130628/tools/st-gnu-arm-gcc-7-2017-q4-major_gdb-5_4-2016q3/bin/../lib/gcc/arm-none-eabi/7.2.1/../../../../arm-none-eabi/lib/thumb/v7-m/libc_nano.a(lib_a-stdio.o)
                0x0000000008002524                __sread
 .text.__swrite
                0x0000000008002546       0x38 /home/uli/.p2/pool/plugins/fr.ac6.mcu.externaltools.arm-none.linux64_1.16.0.201807130628/tools/st-gnu-arm-gcc-7-2017-q4-major_gdb-5_4-2016q3/bin/../lib/gcc/arm-none-eabi/7.2.1/../../../../arm-none-eabi/lib/thumb/v7-m/libc_nano.a(lib_a-stdio.o)
                0x0000000008002546                __swrite
 .text.__sseek  0x000000000800257e       0x24 /home/uli/.p2/pool/plugins/fr.ac6.mcu.externaltools.arm-none.linux64_1.16.0.201807130628/tools/st-gnu-arm-gcc-7-2017-q4-major_gdb-5_4-2016q3/bin/../lib/gcc/arm-none-eabi/7.2.1/../../../../arm-none-eabi/lib/thumb/v7-m/libc_nano.a(lib_a-stdio.o)
                0x000000000800257e                __sseek
 .text.__sclose
                0x00000000080025a2        0x8 /home/uli/.p2/pool/plugins/fr.ac6.mcu.externaltools.arm-none.linux64_1.16.0.201807130628/tools/st-gnu-arm-gcc-7-2017-q4-major_gdb-5_4-2016q3/bin/../lib/gcc/arm-none-eabi/7.2.1/../../../../arm-none-eabi/lib/thumb/v7-m/libc_nano.a(lib_a-stdio.o)
                0x00000000080025a2                __sclose
 *fill*         0x00000000080025aa        0x2 
 .text._write_r
                0x00000000080025ac       0x24 /home/uli/.p2/pool/plugins/fr.ac6.mcu.externaltools.arm-none.linux64_1.16.0.201807130628/tools/st-gnu-arm-gcc-7-2017-q4-major_gdb-5_4-2016q3/bin/../lib/gcc/arm-none-eabi/7.2.1/../../../../arm-none-eabi/lib/thumb/v7-m/libc_nano.a(lib_a-writer.o)
                0x00000000080025ac                _write_r
 .text._close_r
                0x00000000080025d0       0x20 /home/uli/.p2/pool/plugins/fr.ac6.mcu.externaltools.arm-none.linux64_1.16.0.201807130628/tools/st-gnu-arm-gcc-7-2017-q4-major_gdb-5_4-2016q3/bin/../lib/gcc/arm-none-eabi/7.2.1/../../../../arm-none-eabi/lib/thumb/v7-m/libc_nano.a(lib_a-closer.o)
                0x00000000080025d0                _close_r
 .text._fstat_r
                0x00000000080025f0       0x24 /home/uli/.p2/pool/plugins/fr.ac6.mcu.externaltools.arm-none.linux64_1.16.0.201807130628/tools/st-gnu-arm-gcc-7-2017-q4-major_gdb-5_4-2016q3/bin/../lib/gcc/arm-none-eabi/7.2.1/../../../../arm-none-eabi/lib/thumb/v7-m/libc_nano.a(lib_a-fstatr.o)
                0x00000000080025f0                _fstat_r
 .text._isatty_r
                0x0000000008002614       0x20 /home/uli/.p2/pool/plugins/fr.ac6.mcu.externaltools.arm-none.linux64_1.16.0.201807130628/tools/st-gnu-arm-gcc-7-2017-q4-major_gdb-5_4-2016q3/bin/../lib/gcc/arm-none-eabi/7.2.1/../../../../arm-none-eabi/lib/thumb/v7-m/libc_nano.a(lib_a-isattyr.o)
                0x0000000008002614                _isatty_r
 .text._lseek_r
                0x0000000008002634       0x24 /home/uli/.p2/pool/plugins/fr.ac6.mcu.externaltools.arm-none.linux64_1.16.0.201807130628/tools/st-gnu-arm-gcc-7-2017-q4-major_gdb-5_4-2016q3/bin/../lib/gcc/arm-none-eabi/7.2.1/../../../../arm-none-eabi/lib/thumb/v7-m/libc_nano.a(lib_a-lseekr.o)
                0x0000000008002634                _lseek_r
 .text.__malloc_lock
                0x0000000008002658        0x2 /home/uli/.p2/pool/plugins/fr.ac6.mcu.externaltools.arm-none.linux64_1.16.0.201807130628/tools/st-gnu-arm-gcc-7-2017-q4-major_gdb-5_4-2016q3/bin/../lib/gcc/arm-none-eabi/7.2.1/../../../../arm-none-eabi/lib/thumb/v7-m/libc_nano.a(lib_a-mlock.o)
                0x0000000008002658                __malloc_lock
 .text.__malloc_unlock
                0x000000000800265a        0x2 /home/uli/.p2/pool/plugins/fr.ac6.mcu.externaltools.arm-none.linux64_1.16.0.201807130628/tools/st-gnu-arm-gcc-7-2017-q4-major_gdb-5_4-2016q3/bin/../lib/gcc/arm-none-eabi/7.2.1/../../../../arm-none-eabi/lib/thumb/v7-m/libc_nano.a(lib_a-mlock.o)
                0x000000000800265a                __malloc_unlock
 .text._read_r  0x000000000800265c       0x24 /home/uli/.p2/pool/plugins/fr.ac6.mcu.externaltools.arm-none.linux64_1.16.0.201807130628/tools/st-gnu-arm-gcc-7-2017-q4-major_gdb-5_4-2016q3/bin/../lib/gcc/arm-none-eabi/7.2.1/../../../../arm-none-eabi/lib/thumb/v7-m/libc_nano.a(lib_a-readr.o)
                0x000000000800265c                _read_r
 *(.glue_7)
 .glue_7        0x0000000008002680        0x0 linker stubs
 *(.glue_7t)
 .glue_7t       0x0000000008002680        0x0 linker stubs
 *(.eh_frame)
 .eh_frame      0x0000000008002680        0x0 /home/uli/.p2/pool/plugins/fr.ac6.mcu.externaltools.arm-none.linux64_1.16.0.201807130628/tools/st-gnu-arm-gcc-7-2017-q4-major_gdb-5_4-2016q3/bin/../lib/gcc/arm-none-eabi/7.2.1/thumb/v7-m/crtbegin.o
 *(.init)
 .init          0x0000000008002680        0x4 /home/uli/.p2/pool/plugins/fr.ac6.mcu.externaltools.arm-none.linux64_1.16.0.201807130628/tools/st-gnu-arm-gcc-7-2017-q4-major_gdb-5_4-2016q3/bin/../lib/gcc/arm-none-eabi/7.2.1/thumb/v7-m/crti.o
                0x0000000008002680                _init
 .init          0x0000000008002684        0x8 /home/uli/.p2/pool/plugins/fr.ac6.mcu.externaltools.arm-none.linux64_1.16.0.201807130628/tools/st-gnu-arm-gcc-7-2017-q4-major_gdb-5_4-2016q3/bin/../lib/gcc/arm-none-eabi/7.2.1/thumb/v7-m/crtn.o
 *(.fini)
 .fini          0x000000000800268c        0x4 /home/uli/.p2/pool/plugins/fr.ac6.mcu.externaltools.arm-none.linux64_1.16.0.201807130628/tools/st-gnu-arm-gcc-7-2017-q4-major_gdb-5_4-2016q3/bin/../lib/gcc/arm-none-eabi/7.2.1/thumb/v7-m/crti.o
                0x000000000800268c                _fini
 .fini          0x0000000008002690        0x8 /home/uli/.p2/pool/plugins/fr.ac6.mcu.externaltools.arm-none.linux64_1.16.0.201807130628/tools/st-gnu-arm-gcc-7-2017-q4-major_gdb-5_4-2016q3/bin/../lib/gcc/arm-none-eabi/7.2.1/thumb/v7-m/crtn.o
                0x0000000008002698                . = ALIGN (0x4)
                0x0000000008002698                _etext = .

.vfp11_veneer   0x0000000008002698        0x0
 .vfp11_veneer  0x0000000008002698        0x0 linker stubs

.v4_bx          0x0000000008002698        0x0
 .v4_bx         0x0000000008002698        0x0 linker stubs

.iplt           0x0000000008002698        0x0
 .iplt          0x0000000008002698        0x0 /home/uli/.p2/pool/plugins/fr.ac6.mcu.externaltools.arm-none.linux64_1.16.0.201807130628/tools/st-gnu-arm-gcc-7-2017-q4-major_gdb-5_4-2016q3/bin/../lib/gcc/arm-none-eabi/7.2.1/thumb/v7-m/crtbegin.o

.rodata         0x0000000008002698      0x124
                0x0000000008002698                . = ALIGN (0x4)
 *(.rodata)
 .rodata        0x0000000008002698       0x24 Src/system_stm32l1xx.o
                0x0000000008002698                PLLMulTable
                0x00000000080026a4                AHBPrescTable
                0x00000000080026b4                APBPrescTable
 *(.rodata*)
 .rodata.str1.4
                0x00000000080026bc       0x9c Src/main.o
                                         0x9a (size before relaxing)
 .rodata._global_impure_ptr
                0x0000000008002758        0x4 /home/uli/.p2/pool/plugins/fr.ac6.mcu.externaltools.arm-none.linux64_1.16.0.201807130628/tools/st-gnu-arm-gcc-7-2017-q4-major_gdb-5_4-2016q3/bin/../lib/gcc/arm-none-eabi/7.2.1/../../../../arm-none-eabi/lib/thumb/v7-m/libc_nano.a(lib_a-impure.o)
                0x0000000008002758                _global_impure_ptr
 .rodata.__sf_fake_stderr
                0x000000000800275c       0x20 /home/uli/.p2/pool/plugins/fr.ac6.mcu.externaltools.arm-none.linux64_1.16.0.201807130628/tools/st-gnu-arm-gcc-7-2017-q4-major_gdb-5_4-2016q3/bin/../lib/gcc/arm-none-eabi/7.2.1/../../../../arm-none-eabi/lib/thumb/v7-m/libc_nano.a(lib_a-findfp.o)
                0x000000000800275c                __sf_fake_stderr
 .rodata.__sf_fake_stdin
                0x000000000800277c       0x20 /home/uli/.p2/pool/plugins/fr.ac6.mcu.externaltools.arm-none.linux64_1.16.0.201807130628/tools/st-gnu-arm-gcc-7-2017-q4-major_gdb-5_4-2016q3/bin/../lib/gcc/arm-none-eabi/7.2.1/../../../../arm-none-eabi/lib/thumb/v7-m/libc_nano.a(lib_a-findfp.o)
                0x000000000800277c                __sf_fake_stdin
 .rodata.__sf_fake_stdout
                0x000000000800279c       0x20 /home/uli/.p2/pool/plugins/fr.ac6.mcu.externaltools.arm-none.linux64_1.16.0.201807130628/tools/st-gnu-arm-gcc-7-2017-q4-major_gdb-5_4-2016q3/bin/../lib/gcc/arm-none-eabi/7.2.1/../../../../arm-none-eabi/lib/thumb/v7-m/libc_nano.a(lib_a-findfp.o)
                0x000000000800279c                __sf_fake_stdout
                0x00000000080027bc                . = ALIGN (0x4)

.rel.dyn        0x00000000080027bc        0x0
 .rel.iplt      0x00000000080027bc        0x0 /home/uli/.p2/pool/plugins/fr.ac6.mcu.externaltools.arm-none.linux64_1.16.0.201807130628/tools/st-gnu-arm-gcc-7-2017-q4-major_gdb-5_4-2016q3/bin/../lib/gcc/arm-none-eabi/7.2.1/thumb/v7-m/crtbegin.o

.ARM.extab
 *(.ARM.extab* .gnu.linkonce.armextab.*)

.ARM            0x00000000080027bc        0x0
                0x00000000080027bc                __exidx_start = .
 *(.ARM.exidx*)
                0x00000000080027bc                __exidx_end = .

.preinit_array  0x00000000080027bc        0x0
                0x00000000080027bc                PROVIDE (__preinit_array_start, .)
 *(.preinit_array*)
                0x00000000080027bc                PROVIDE (__preinit_array_end, .)

.init_array     0x00000000080027bc        0x4
                0x00000000080027bc                PROVIDE (__init_array_start, .)
 *(SORT_BY_NAME(.init_array.*))
 *(.init_array*)
 .init_array    0x00000000080027bc        0x4 /home/uli/.p2/pool/plugins/fr.ac6.mcu.externaltools.arm-none.linux64_1.16.0.201807130628/tools/st-gnu-arm-gcc-7-2017-q4-major_gdb-5_4-2016q3/bin/../lib/gcc/arm-none-eabi/7.2.1/thumb/v7-m/crtbegin.o
                0x00000000080027c0                PROVIDE (__init_array_end, .)

.fini_array     0x00000000080027c0        0x4
                [!provide]                        PROVIDE (__fini_array_start, .)
 *(SORT_BY_NAME(.fini_array.*))
 *(.fini_array*)
 .fini_array    0x00000000080027c0        0x4 /home/uli/.p2/pool/plugins/fr.ac6.mcu.externaltools.arm-none.linux64_1.16.0.201807130628/tools/st-gnu-arm-gcc-7-2017-q4-major_gdb-5_4-2016q3/bin/../lib/gcc/arm-none-eabi/7.2.1/thumb/v7-m/crtbegin.o
                [!provide]                        PROVIDE (__fini_array_end, .)
                0x00000000080027c4                _sidata = LOADADDR (.data)

.data           0x0000000020000000       0x68 load address 0x00000000080027c4
                0x0000000020000000                . = ALIGN (0x4)
                0x0000000020000000                _sdata = .
 *(.data)
 .data          0x0000000020000000        0x4 Src/system_stm32l1xx.o
                0x0000000020000000                SystemCoreClock
 *(.data*)
 .data._impure_ptr
                0x0000000020000004        0x4 /home/uli/.p2/pool/plugins/fr.ac6.mcu.externaltools.arm-none.linux64_1.16.0.201807130628/tools/st-gnu-arm-gcc-7-2017-q4-major_gdb-5_4-2016q3/bin/../lib/gcc/arm-none-eabi/7.2.1/../../../../arm-none-eabi/lib/thumb/v7-m/libc_nano.a(lib_a-impure.o)
                0x0000000020000004                _impure_ptr
 .data.impure_data
                0x0000000020000008       0x60 /home/uli/.p2/pool/plugins/fr.ac6.mcu.externaltools.arm-none.linux64_1.16.0.201807130628/tools/st-gnu-arm-gcc-7-2017-q4-major_gdb-5_4-2016q3/bin/../lib/gcc/arm-none-eabi/7.2.1/../../../../arm-none-eabi/lib/thumb/v7-m/libc_nano.a(lib_a-impure.o)
                0x0000000020000068                . = ALIGN (0x4)
                0x0000000020000068                _edata = .

.igot.plt       0x0000000020000068        0x0 load address 0x000000000800282c
 .igot.plt      0x0000000020000068        0x0 /home/uli/.p2/pool/plugins/fr.ac6.mcu.externaltools.arm-none.linux64_1.16.0.201807130628/tools/st-gnu-arm-gcc-7-2017-q4-major_gdb-5_4-2016q3/bin/../lib/gcc/arm-none-eabi/7.2.1/thumb/v7-m/crtbegin.o
                0x0000000020000068                . = ALIGN (0x4)

.bss            0x0000000020000068       0xe4 load address 0x000000000800282c
                0x0000000020000068                _sbss = .
                0x0000000020000068                __bss_start__ = _sbss
 *(.bss)
 .bss           0x0000000020000068       0x1c /home/uli/.p2/pool/plugins/fr.ac6.mcu.externaltools.arm-none.linux64_1.16.0.201807130628/tools/st-gnu-arm-gcc-7-2017-q4-major_gdb-5_4-2016q3/bin/../lib/gcc/arm-none-eabi/7.2.1/thumb/v7-m/crtbegin.o
 .bss           0x0000000020000084        0x8 Src/syscalls.o
                0x0000000020000088                __env
 *(.bss*)
 .bss.__malloc_free_list
                0x000000002000008c        0x4 /home/uli/.p2/pool/plugins/fr.ac6.mcu.externaltools.arm-none.linux64_1.16.0.201807130628/tools/st-gnu-arm-gcc-7-2017-q4-major_gdb-5_4-2016q3/bin/../lib/gcc/arm-none-eabi/7.2.1/../../../../arm-none-eabi/lib/thumb/v7-m/libc_nano.a(lib_a-nano-mallocr.o)
                0x000000002000008c                __malloc_free_list
 .bss.__malloc_sbrk_start
                0x0000000020000090        0x4 /home/uli/.p2/pool/plugins/fr.ac6.mcu.externaltools.arm-none.linux64_1.16.0.201807130628/tools/st-gnu-arm-gcc-7-2017-q4-major_gdb-5_4-2016q3/bin/../lib/gcc/arm-none-eabi/7.2.1/../../../../arm-none-eabi/lib/thumb/v7-m/libc_nano.a(lib_a-nano-mallocr.o)
                0x0000000020000090                __malloc_sbrk_start
 *(COMMON)
 COMMON         0x0000000020000094        0x4 Drivers/STM32L1xx_HAL_Driver/Src/stm32l1xx_hal.o
                0x0000000020000094                uwTick
 COMMON         0x0000000020000098       0xb0 Src/main.o
                0x0000000020000098                htim4
                0x00000000200000d0                htim3
                0x0000000020000108                huart1
 COMMON         0x0000000020000148        0x4 /home/uli/.p2/pool/plugins/fr.ac6.mcu.externaltools.arm-none.linux64_1.16.0.201807130628/tools/st-gnu-arm-gcc-7-2017-q4-major_gdb-5_4-2016q3/bin/../lib/gcc/arm-none-eabi/7.2.1/../../../../arm-none-eabi/lib/thumb/v7-m/libc_nano.a(lib_a-reent.o)
                0x0000000020000148                errno
                0x000000002000014c                . = ALIGN (0x4)
                0x000000002000014c                _ebss = .
                0x000000002000014c                __bss_end__ = _ebss

._user_heap_stack
                0x000000002000014c      0x604 load address 0x000000000800282c
                0x0000000020000150                . = ALIGN (0x8)
 *fill*         0x000000002000014c        0x4 
                0x0000000020000150                PROVIDE (end, .)
                [!provide]                        PROVIDE (_end, .)
                0x0000000020000350                . = (. + _Min_Heap_Size)
 *fill*         0x0000000020000150      0x200 
                0x0000000020000750                . = (. + _Min_Stack_Size)
 *fill*         0x0000000020000350      0x400 
                0x0000000020000750                . = ALIGN (0x8)

/DISCARD/
 libc.a(*)
 libm.a(*)
 libgcc.a(*)

.ARM.attributes
                0x0000000000000000       0x29
 *(.ARM.attributes)
 .ARM.attributes
                0x0000000000000000       0x1d /home/uli/.p2/pool/plugins/fr.ac6.mcu.externaltools.arm-none.linux64_1.16.0.201807130628/tools/st-gnu-arm-gcc-7-2017-q4-major_gdb-5_4-2016q3/bin/../lib/gcc/arm-none-eabi/7.2.1/thumb/v7-m/crti.o
 .ARM.attributes
                0x000000000000001d       0x2d /home/uli/.p2/pool/plugins/fr.ac6.mcu.externaltools.arm-none.linux64_1.16.0.201807130628/tools/st-gnu-arm-gcc-7-2017-q4-major_gdb-5_4-2016q3/bin/../lib/gcc/arm-none-eabi/7.2.1/thumb/v7-m/crtbegin.o
 .ARM.attributes
                0x000000000000004a       0x33 Drivers/STM32L1xx_HAL_Driver/Src/stm32l1xx_hal.o
 .ARM.attributes
                0x000000000000007d       0x33 Drivers/STM32L1xx_HAL_Driver/Src/stm32l1xx_hal_cortex.o
 .ARM.attributes
                0x00000000000000b0       0x33 Drivers/STM32L1xx_HAL_Driver/Src/stm32l1xx_hal_gpio.o
 .ARM.attributes
                0x00000000000000e3       0x33 Drivers/STM32L1xx_HAL_Driver/Src/stm32l1xx_hal_rcc.o
 .ARM.attributes
                0x0000000000000116       0x33 Drivers/STM32L1xx_HAL_Driver/Src/stm32l1xx_hal_tim.o
 .ARM.attributes
                0x0000000000000149       0x33 Drivers/STM32L1xx_HAL_Driver/Src/stm32l1xx_hal_tim_ex.o
 .ARM.attributes
                0x000000000000017c       0x33 Drivers/STM32L1xx_HAL_Driver/Src/stm32l1xx_hal_uart.o
 .ARM.attributes
                0x00000000000001af       0x33 Src/callbacks.o
 .ARM.attributes
                0x00000000000001e2       0x33 Src/main.o
 .ARM.attributes
                0x0000000000000215       0x33 Src/stm32l1xx_hal_msp.o
 .ARM.attributes
                0x0000000000000248       0x33 Src/stm32l1xx_it.o
 .ARM.attributes
                0x000000000000027b       0x33 Src/syscalls.o
 .ARM.attributes
                0x00000000000002ae       0x33 Src/system_stm32l1xx.o
 .ARM.attributes
                0x00000000000002e1       0x33 Src/uart_io.o
 .ARM.attributes
                0x0000000000000314       0x21 startup/startup_stm32l151xba.o
 .ARM.attributes
                0x0000000000000335       0x2d /home/uli/.p2/pool/plugins/fr.ac6.mcu.externaltools.arm-none.linux64_1.16.0.201807130628/tools/st-gnu-arm-gcc-7-2017-q4-major_gdb-5_4-2016q3/bin/../lib/gcc/arm-none-eabi/7.2.1/../../../../arm-none-eabi/lib/thumb/v7-m/libc_nano.a(lib_a-errno.o)
 .ARM.attributes
                0x0000000000000362       0x2d /home/uli/.p2/pool/plugins/fr.ac6.mcu.externaltools.arm-none.linux64_1.16.0.201807130628/tools/st-gnu-arm-gcc-7-2017-q4-major_gdb-5_4-2016q3/bin/../lib/gcc/arm-none-eabi/7.2.1/../../../../arm-none-eabi/lib/thumb/v7-m/libc_nano.a(lib_a-impure.o)
 .ARM.attributes
                0x000000000000038f       0x2d /home/uli/.p2/pool/plugins/fr.ac6.mcu.externaltools.arm-none.linux64_1.16.0.201807130628/tools/st-gnu-arm-gcc-7-2017-q4-major_gdb-5_4-2016q3/bin/../lib/gcc/arm-none-eabi/7.2.1/../../../../arm-none-eabi/lib/thumb/v7-m/libc_nano.a(lib_a-init.o)
 .ARM.attributes
                0x00000000000003bc       0x2d /home/uli/.p2/pool/plugins/fr.ac6.mcu.externaltools.arm-none.linux64_1.16.0.201807130628/tools/st-gnu-arm-gcc-7-2017-q4-major_gdb-5_4-2016q3/bin/../lib/gcc/arm-none-eabi/7.2.1/../../../../arm-none-eabi/lib/thumb/v7-m/libc_nano.a(lib_a-memset.o)
 .ARM.attributes
                0x00000000000003e9       0x2d /home/uli/.p2/pool/plugins/fr.ac6.mcu.externaltools.arm-none.linux64_1.16.0.201807130628/tools/st-gnu-arm-gcc-7-2017-q4-major_gdb-5_4-2016q3/bin/../lib/gcc/arm-none-eabi/7.2.1/../../../../arm-none-eabi/lib/thumb/v7-m/libc_nano.a(lib_a-puts.o)
 .ARM.attributes
                0x0000000000000416       0x2d /home/uli/.p2/pool/plugins/fr.ac6.mcu.externaltools.arm-none.linux64_1.16.0.201807130628/tools/st-gnu-arm-gcc-7-2017-q4-major_gdb-5_4-2016q3/bin/../lib/gcc/arm-none-eabi/7.2.1/../../../../arm-none-eabi/lib/thumb/v7-m/libc_nano.a(lib_a-wbuf.o)
 .ARM.attributes
                0x0000000000000443       0x2d /home/uli/.p2/pool/plugins/fr.ac6.mcu.externaltools.arm-none.linux64_1.16.0.201807130628/tools/st-gnu-arm-gcc-7-2017-q4-major_gdb-5_4-2016q3/bin/../lib/gcc/arm-none-eabi/7.2.1/../../../../arm-none-eabi/lib/thumb/v7-m/libc_nano.a(lib_a-wsetup.o)
 .ARM.attributes
                0x0000000000000470       0x2d /home/uli/.p2/pool/plugins/fr.ac6.mcu.externaltools.arm-none.linux64_1.16.0.201807130628/tools/st-gnu-arm-gcc-7-2017-q4-major_gdb-5_4-2016q3/bin/../lib/gcc/arm-none-eabi/7.2.1/../../../../arm-none-eabi/lib/thumb/v7-m/libc_nano.a(lib_a-fflush.o)
 .ARM.attributes
                0x000000000000049d       0x2d /home/uli/.p2/pool/plugins/fr.ac6.mcu.externaltools.arm-none.linux64_1.16.0.201807130628/tools/st-gnu-arm-gcc-7-2017-q4-major_gdb-5_4-2016q3/bin/../lib/gcc/arm-none-eabi/7.2.1/../../../../arm-none-eabi/lib/thumb/v7-m/libc_nano.a(lib_a-findfp.o)
 .ARM.attributes
                0x00000000000004ca       0x2d /home/uli/.p2/pool/plugins/fr.ac6.mcu.externaltools.arm-none.linux64_1.16.0.201807130628/tools/st-gnu-arm-gcc-7-2017-q4-major_gdb-5_4-2016q3/bin/../lib/gcc/arm-none-eabi/7.2.1/../../../../arm-none-eabi/lib/thumb/v7-m/libc_nano.a(lib_a-fwalk.o)
 .ARM.attributes
                0x00000000000004f7       0x2d /home/uli/.p2/pool/plugins/fr.ac6.mcu.externaltools.arm-none.linux64_1.16.0.201807130628/tools/st-gnu-arm-gcc-7-2017-q4-major_gdb-5_4-2016q3/bin/../lib/gcc/arm-none-eabi/7.2.1/../../../../arm-none-eabi/lib/thumb/v7-m/libc_nano.a(lib_a-makebuf.o)
 .ARM.attributes
                0x0000000000000524       0x2d /home/uli/.p2/pool/plugins/fr.ac6.mcu.externaltools.arm-none.linux64_1.16.0.201807130628/tools/st-gnu-arm-gcc-7-2017-q4-major_gdb-5_4-2016q3/bin/../lib/gcc/arm-none-eabi/7.2.1/../../../../arm-none-eabi/lib/thumb/v7-m/libc_nano.a(lib_a-nano-freer.o)
 .ARM.attributes
                0x0000000000000551       0x2d /home/uli/.p2/pool/plugins/fr.ac6.mcu.externaltools.arm-none.linux64_1.16.0.201807130628/tools/st-gnu-arm-gcc-7-2017-q4-major_gdb-5_4-2016q3/bin/../lib/gcc/arm-none-eabi/7.2.1/../../../../arm-none-eabi/lib/thumb/v7-m/libc_nano.a(lib_a-nano-mallocr.o)
 .ARM.attributes
                0x000000000000057e       0x2d /home/uli/.p2/pool/plugins/fr.ac6.mcu.externaltools.arm-none.linux64_1.16.0.201807130628/tools/st-gnu-arm-gcc-7-2017-q4-major_gdb-5_4-2016q3/bin/../lib/gcc/arm-none-eabi/7.2.1/../../../../arm-none-eabi/lib/thumb/v7-m/libc_nano.a(lib_a-sbrkr.o)
 .ARM.attributes
                0x00000000000005ab       0x2d /home/uli/.p2/pool/plugins/fr.ac6.mcu.externaltools.arm-none.linux64_1.16.0.201807130628/tools/st-gnu-arm-gcc-7-2017-q4-major_gdb-5_4-2016q3/bin/../lib/gcc/arm-none-eabi/7.2.1/../../../../arm-none-eabi/lib/thumb/v7-m/libc_nano.a(lib_a-stdio.o)
 .ARM.attributes
                0x00000000000005d8       0x2d /home/uli/.p2/pool/plugins/fr.ac6.mcu.externaltools.arm-none.linux64_1.16.0.201807130628/tools/st-gnu-arm-gcc-7-2017-q4-major_gdb-5_4-2016q3/bin/../lib/gcc/arm-none-eabi/7.2.1/../../../../arm-none-eabi/lib/thumb/v7-m/libc_nano.a(lib_a-writer.o)
 .ARM.attributes
                0x0000000000000605       0x2d /home/uli/.p2/pool/plugins/fr.ac6.mcu.externaltools.arm-none.linux64_1.16.0.201807130628/tools/st-gnu-arm-gcc-7-2017-q4-major_gdb-5_4-2016q3/bin/../lib/gcc/arm-none-eabi/7.2.1/../../../../arm-none-eabi/lib/thumb/v7-m/libc_nano.a(lib_a-closer.o)
 .ARM.attributes
                0x0000000000000632       0x2d /home/uli/.p2/pool/plugins/fr.ac6.mcu.externaltools.arm-none.linux64_1.16.0.201807130628/tools/st-gnu-arm-gcc-7-2017-q4-major_gdb-5_4-2016q3/bin/../lib/gcc/arm-none-eabi/7.2.1/../../../../arm-none-eabi/lib/thumb/v7-m/libc_nano.a(lib_a-fstatr.o)
 .ARM.attributes
                0x000000000000065f       0x2d /home/uli/.p2/pool/plugins/fr.ac6.mcu.externaltools.arm-none.linux64_1.16.0.201807130628/tools/st-gnu-arm-gcc-7-2017-q4-major_gdb-5_4-2016q3/bin/../lib/gcc/arm-none-eabi/7.2.1/../../../../arm-none-eabi/lib/thumb/v7-m/libc_nano.a(lib_a-isattyr.o)
 .ARM.attributes
                0x000000000000068c       0x2d /home/uli/.p2/pool/plugins/fr.ac6.mcu.externaltools.arm-none.linux64_1.16.0.201807130628/tools/st-gnu-arm-gcc-7-2017-q4-major_gdb-5_4-2016q3/bin/../lib/gcc/arm-none-eabi/7.2.1/../../../../arm-none-eabi/lib/thumb/v7-m/libc_nano.a(lib_a-lseekr.o)
 .ARM.attributes
                0x00000000000006b9       0x2d /home/uli/.p2/pool/plugins/fr.ac6.mcu.externaltools.arm-none.linux64_1.16.0.201807130628/tools/st-gnu-arm-gcc-7-2017-q4-major_gdb-5_4-2016q3/bin/../lib/gcc/arm-none-eabi/7.2.1/../../../../arm-none-eabi/lib/thumb/v7-m/libc_nano.a(lib_a-mlock.o)
 .ARM.attributes
                0x00000000000006e6       0x2d /home/uli/.p2/pool/plugins/fr.ac6.mcu.externaltools.arm-none.linux64_1.16.0.201807130628/tools/st-gnu-arm-gcc-7-2017-q4-major_gdb-5_4-2016q3/bin/../lib/gcc/arm-none-eabi/7.2.1/../../../../arm-none-eabi/lib/thumb/v7-m/libc_nano.a(lib_a-readr.o)
 .ARM.attributes
                0x0000000000000713       0x2d /home/uli/.p2/pool/plugins/fr.ac6.mcu.externaltools.arm-none.linux64_1.16.0.201807130628/tools/st-gnu-arm-gcc-7-2017-q4-major_gdb-5_4-2016q3/bin/../lib/gcc/arm-none-eabi/7.2.1/../../../../arm-none-eabi/lib/thumb/v7-m/libc_nano.a(lib_a-reent.o)
 .ARM.attributes
                0x0000000000000740       0x1d /home/uli/.p2/pool/plugins/fr.ac6.mcu.externaltools.arm-none.linux64_1.16.0.201807130628/tools/st-gnu-arm-gcc-7-2017-q4-major_gdb-5_4-2016q3/bin/../lib/gcc/arm-none-eabi/7.2.1/thumb/v7-m/crtn.o
OUTPUT(Rak811Timer.elf elf32-littlearm)

.debug_info     0x0000000000000000    0x1265a
 .debug_info    0x0000000000000000      0xe8e Drivers/STM32L1xx_HAL_Driver/Src/stm32l1xx_hal.o
 .debug_info    0x0000000000000e8e     0x16a2 Drivers/STM32L1xx_HAL_Driver/Src/stm32l1xx_hal_cortex.o
 .debug_info    0x0000000000002530      0xe9a Drivers/STM32L1xx_HAL_Driver/Src/stm32l1xx_hal_gpio.o
 .debug_info    0x00000000000033ca     0x1e8c Drivers/STM32L1xx_HAL_Driver/Src/stm32l1xx_hal_rcc.o
 .debug_info    0x0000000000005256     0x35a9 Drivers/STM32L1xx_HAL_Driver/Src/stm32l1xx_hal_tim.o
 .debug_info    0x00000000000087ff      0xe9c Drivers/STM32L1xx_HAL_Driver/Src/stm32l1xx_hal_tim_ex.o
 .debug_info    0x000000000000969b     0x1a29 Drivers/STM32L1xx_HAL_Driver/Src/stm32l1xx_hal_uart.o
 .debug_info    0x000000000000b0c4      0xf54 Src/callbacks.o
 .debug_info    0x000000000000c018     0x1a98 Src/main.o
 .debug_info    0x000000000000dab0     0x1609 Src/stm32l1xx_hal_msp.o
 .debug_info    0x000000000000f0b9      0xeed Src/stm32l1xx_it.o
 .debug_info    0x000000000000ffa6      0xfd3 Src/syscalls.o
 .debug_info    0x0000000000010f79      0xc76 Src/system_stm32l1xx.o
 .debug_info    0x0000000000011bef      0xa49 Src/uart_io.o
 .debug_info    0x0000000000012638       0x22 startup/startup_stm32l151xba.o

.debug_abbrev   0x0000000000000000     0x24c4
 .debug_abbrev  0x0000000000000000      0x2c9 Drivers/STM32L1xx_HAL_Driver/Src/stm32l1xx_hal.o
 .debug_abbrev  0x00000000000002c9      0x3ba Drivers/STM32L1xx_HAL_Driver/Src/stm32l1xx_hal_cortex.o
 .debug_abbrev  0x0000000000000683      0x2a7 Drivers/STM32L1xx_HAL_Driver/Src/stm32l1xx_hal_gpio.o
 .debug_abbrev  0x000000000000092a      0x352 Drivers/STM32L1xx_HAL_Driver/Src/stm32l1xx_hal_rcc.o
 .debug_abbrev  0x0000000000000c7c      0x2cf Drivers/STM32L1xx_HAL_Driver/Src/stm32l1xx_hal_tim.o
 .debug_abbrev  0x0000000000000f4b      0x1fc Drivers/STM32L1xx_HAL_Driver/Src/stm32l1xx_hal_tim_ex.o
 .debug_abbrev  0x0000000000001147      0x2fd Drivers/STM32L1xx_HAL_Driver/Src/stm32l1xx_hal_uart.o
 .debug_abbrev  0x0000000000001444      0x22b Src/callbacks.o
 .debug_abbrev  0x000000000000166f      0x2f8 Src/main.o
 .debug_abbrev  0x0000000000001967      0x243 Src/stm32l1xx_hal_msp.o
 .debug_abbrev  0x0000000000001baa      0x210 Src/stm32l1xx_it.o
 .debug_abbrev  0x0000000000001dba      0x2d4 Src/syscalls.o
 .debug_abbrev  0x000000000000208e      0x205 Src/system_stm32l1xx.o
 .debug_abbrev  0x0000000000002293      0x21f Src/uart_io.o
 .debug_abbrev  0x00000000000024b2       0x12 startup/startup_stm32l151xba.o

.debug_loc      0x0000000000000000     0x63d3
 .debug_loc     0x0000000000000000       0x6a Drivers/STM32L1xx_HAL_Driver/Src/stm32l1xx_hal.o
 .debug_loc     0x000000000000006a      0x5ce Drivers/STM32L1xx_HAL_Driver/Src/stm32l1xx_hal_cortex.o
 .debug_loc     0x0000000000000638      0x38d Drivers/STM32L1xx_HAL_Driver/Src/stm32l1xx_hal_gpio.o
 .debug_loc     0x00000000000009c5      0xb22 Drivers/STM32L1xx_HAL_Driver/Src/stm32l1xx_hal_rcc.o
 .debug_loc     0x00000000000014e7     0x3550 Drivers/STM32L1xx_HAL_Driver/Src/stm32l1xx_hal_tim.o
 .debug_loc     0x0000000000004a37       0xa0 Drivers/STM32L1xx_HAL_Driver/Src/stm32l1xx_hal_tim_ex.o
 .debug_loc     0x0000000000004ad7     0x1268 Drivers/STM32L1xx_HAL_Driver/Src/stm32l1xx_hal_uart.o
 .debug_loc     0x0000000000005d3f       0x34 Src/callbacks.o
 .debug_loc     0x0000000000005d73      0x101 Src/stm32l1xx_hal_msp.o
 .debug_loc     0x0000000000005e74      0x3af Src/syscalls.o
 .debug_loc     0x0000000000006223      0x18f Src/system_stm32l1xx.o
 .debug_loc     0x00000000000063b2       0x21 Src/uart_io.o

.debug_aranges  0x0000000000000000      0x968
 .debug_aranges
                0x0000000000000000       0xb0 Drivers/STM32L1xx_HAL_Driver/Src/stm32l1xx_hal.o
 .debug_aranges
                0x00000000000000b0       0xa8 Drivers/STM32L1xx_HAL_Driver/Src/stm32l1xx_hal_cortex.o
 .debug_aranges
                0x0000000000000158       0x58 Drivers/STM32L1xx_HAL_Driver/Src/stm32l1xx_hal_gpio.o
 .debug_aranges
                0x00000000000001b0       0x90 Drivers/STM32L1xx_HAL_Driver/Src/stm32l1xx_hal_rcc.o
 .debug_aranges
                0x0000000000000240      0x368 Drivers/STM32L1xx_HAL_Driver/Src/stm32l1xx_hal_tim.o
 .debug_aranges
                0x00000000000005a8       0x28 Drivers/STM32L1xx_HAL_Driver/Src/stm32l1xx_hal_tim_ex.o
 .debug_aranges
                0x00000000000005d0      0x150 Drivers/STM32L1xx_HAL_Driver/Src/stm32l1xx_hal_uart.o
 .debug_aranges
                0x0000000000000720       0x20 Src/callbacks.o
 .debug_aranges
                0x0000000000000740       0x50 Src/main.o
 .debug_aranges
                0x0000000000000790       0x40 Src/stm32l1xx_hal_msp.o
 .debug_aranges
                0x00000000000007d0       0x70 Src/stm32l1xx_it.o
 .debug_aranges
                0x0000000000000840       0xb0 Src/syscalls.o
 .debug_aranges
                0x00000000000008f0       0x28 Src/system_stm32l1xx.o
 .debug_aranges
                0x0000000000000918       0x28 Src/uart_io.o
 .debug_aranges
                0x0000000000000940       0x28 startup/startup_stm32l151xba.o

.debug_ranges   0x0000000000000000      0x8f8
 .debug_ranges  0x0000000000000000       0xa0 Drivers/STM32L1xx_HAL_Driver/Src/stm32l1xx_hal.o
 .debug_ranges  0x00000000000000a0       0xf8 Drivers/STM32L1xx_HAL_Driver/Src/stm32l1xx_hal_cortex.o
 .debug_ranges  0x0000000000000198       0x48 Drivers/STM32L1xx_HAL_Driver/Src/stm32l1xx_hal_gpio.o
 .debug_ranges  0x00000000000001e0       0x98 Drivers/STM32L1xx_HAL_Driver/Src/stm32l1xx_hal_rcc.o
 .debug_ranges  0x0000000000000278      0x358 Drivers/STM32L1xx_HAL_Driver/Src/stm32l1xx_hal_tim.o
 .debug_ranges  0x00000000000005d0       0x18 Drivers/STM32L1xx_HAL_Driver/Src/stm32l1xx_hal_tim_ex.o
 .debug_ranges  0x00000000000005e8      0x140 Drivers/STM32L1xx_HAL_Driver/Src/stm32l1xx_hal_uart.o
 .debug_ranges  0x0000000000000728       0x10 Src/callbacks.o
 .debug_ranges  0x0000000000000738       0x40 Src/main.o
 .debug_ranges  0x0000000000000778       0x30 Src/stm32l1xx_hal_msp.o
 .debug_ranges  0x00000000000007a8       0x60 Src/stm32l1xx_it.o
 .debug_ranges  0x0000000000000808       0xa0 Src/syscalls.o
 .debug_ranges  0x00000000000008a8       0x18 Src/system_stm32l1xx.o
 .debug_ranges  0x00000000000008c0       0x18 Src/uart_io.o
 .debug_ranges  0x00000000000008d8       0x20 startup/startup_stm32l151xba.o

.debug_macro    0x0000000000000000    0x1609a
 .debug_macro   0x0000000000000000      0x31c Drivers/STM32L1xx_HAL_Driver/Src/stm32l1xx_hal.o
 .debug_macro   0x000000000000031c      0xa60 Drivers/STM32L1xx_HAL_Driver/Src/stm32l1xx_hal.o
 .debug_macro   0x0000000000000d7c       0x28 Drivers/STM32L1xx_HAL_Driver/Src/stm32l1xx_hal.o
 .debug_macro   0x0000000000000da4       0x88 Drivers/STM32L1xx_HAL_Driver/Src/stm32l1xx_hal.o
 .debug_macro   0x0000000000000e2c       0x2e Drivers/STM32L1xx_HAL_Driver/Src/stm32l1xx_hal.o
 .debug_macro   0x0000000000000e5a       0x22 Drivers/STM32L1xx_HAL_Driver/Src/stm32l1xx_hal.o
 .debug_macro   0x0000000000000e7c       0x22 Drivers/STM32L1xx_HAL_Driver/Src/stm32l1xx_hal.o
 .debug_macro   0x0000000000000e9e       0x87 Drivers/STM32L1xx_HAL_Driver/Src/stm32l1xx_hal.o
 .debug_macro   0x0000000000000f25       0x51 Drivers/STM32L1xx_HAL_Driver/Src/stm32l1xx_hal.o
 .debug_macro   0x0000000000000f76       0xef Drivers/STM32L1xx_HAL_Driver/Src/stm32l1xx_hal.o
 .debug_macro   0x0000000000001065       0x6a Drivers/STM32L1xx_HAL_Driver/Src/stm32l1xx_hal.o
 .debug_macro   0x00000000000010cf      0x1df Drivers/STM32L1xx_HAL_Driver/Src/stm32l1xx_hal.o
 .debug_macro   0x00000000000012ae       0x34 Drivers/STM32L1xx_HAL_Driver/Src/stm32l1xx_hal.o
 .debug_macro   0x00000000000012e2       0x34 Drivers/STM32L1xx_HAL_Driver/Src/stm32l1xx_hal.o
 .debug_macro   0x0000000000001316      0xcb4 Drivers/STM32L1xx_HAL_Driver/Src/stm32l1xx_hal.o
 .debug_macro   0x0000000000001fca     0xa5aa Drivers/STM32L1xx_HAL_Driver/Src/stm32l1xx_hal.o
 .debug_macro   0x000000000000c574       0x43 Drivers/STM32L1xx_HAL_Driver/Src/stm32l1xx_hal.o
 .debug_macro   0x000000000000c5b7     0x342b Drivers/STM32L1xx_HAL_Driver/Src/stm32l1xx_hal.o
 .debug_macro   0x000000000000f9e2       0x58 Drivers/STM32L1xx_HAL_Driver/Src/stm32l1xx_hal.o
 .debug_macro   0x000000000000fa3a       0x17 Drivers/STM32L1xx_HAL_Driver/Src/stm32l1xx_hal.o
 .debug_macro   0x000000000000fa51       0x35 Drivers/STM32L1xx_HAL_Driver/Src/stm32l1xx_hal.o
 .debug_macro   0x000000000000fa86       0x9c Drivers/STM32L1xx_HAL_Driver/Src/stm32l1xx_hal.o
 .debug_macro   0x000000000000fb22       0x16 Drivers/STM32L1xx_HAL_Driver/Src/stm32l1xx_hal.o
 .debug_macro   0x000000000000fb38       0x97 Drivers/STM32L1xx_HAL_Driver/Src/stm32l1xx_hal.o
 .debug_macro   0x000000000000fbcf      0x330 Drivers/STM32L1xx_HAL_Driver/Src/stm32l1xx_hal.o
 .debug_macro   0x000000000000feff       0xfd Drivers/STM32L1xx_HAL_Driver/Src/stm32l1xx_hal.o
 .debug_macro   0x000000000000fffc       0x10 Drivers/STM32L1xx_HAL_Driver/Src/stm32l1xx_hal.o
 .debug_macro   0x000000000001000c       0x58 Drivers/STM32L1xx_HAL_Driver/Src/stm32l1xx_hal.o
 .debug_macro   0x0000000000010064       0x1f Drivers/STM32L1xx_HAL_Driver/Src/stm32l1xx_hal.o
 .debug_macro   0x0000000000010083       0x43 Drivers/STM32L1xx_HAL_Driver/Src/stm32l1xx_hal.o
 .debug_macro   0x00000000000100c6       0x20 Drivers/STM32L1xx_HAL_Driver/Src/stm32l1xx_hal.o
 .debug_macro   0x00000000000100e6      0x18e Drivers/STM32L1xx_HAL_Driver/Src/stm32l1xx_hal.o
 .debug_macro   0x0000000000010274       0x10 Drivers/STM32L1xx_HAL_Driver/Src/stm32l1xx_hal.o
 .debug_macro   0x0000000000010284       0x1c Drivers/STM32L1xx_HAL_Driver/Src/stm32l1xx_hal.o
 .debug_macro   0x00000000000102a0       0x52 Drivers/STM32L1xx_HAL_Driver/Src/stm32l1xx_hal.o
 .debug_macro   0x00000000000102f2       0x40 Drivers/STM32L1xx_HAL_Driver/Src/stm32l1xx_hal.o
 .debug_macro   0x0000000000010332       0x10 Drivers/STM32L1xx_HAL_Driver/Src/stm32l1xx_hal.o
 .debug_macro   0x0000000000010342       0x40 Drivers/STM32L1xx_HAL_Driver/Src/stm32l1xx_hal.o
 .debug_macro   0x0000000000010382       0xd7 Drivers/STM32L1xx_HAL_Driver/Src/stm32l1xx_hal.o
 .debug_macro   0x0000000000010459       0x1c Drivers/STM32L1xx_HAL_Driver/Src/stm32l1xx_hal.o
 .debug_macro   0x0000000000010475       0x3d Drivers/STM32L1xx_HAL_Driver/Src/stm32l1xx_hal.o
 .debug_macro   0x00000000000104b2       0x16 Drivers/STM32L1xx_HAL_Driver/Src/stm32l1xx_hal.o
 .debug_macro   0x00000000000104c8      0x16f Drivers/STM32L1xx_HAL_Driver/Src/stm32l1xx_hal.o
 .debug_macro   0x0000000000010637       0x50 Drivers/STM32L1xx_HAL_Driver/Src/stm32l1xx_hal.o
 .debug_macro   0x0000000000010687      0xe3e Drivers/STM32L1xx_HAL_Driver/Src/stm32l1xx_hal.o
 .debug_macro   0x00000000000114c5       0xd1 Drivers/STM32L1xx_HAL_Driver/Src/stm32l1xx_hal.o
 .debug_macro   0x0000000000011596      0x141 Drivers/STM32L1xx_HAL_Driver/Src/stm32l1xx_hal.o
 .debug_macro   0x00000000000116d7       0xa7 Drivers/STM32L1xx_HAL_Driver/Src/stm32l1xx_hal.o
 .debug_macro   0x000000000001177e      0x25d Drivers/STM32L1xx_HAL_Driver/Src/stm32l1xx_hal.o
 .debug_macro   0x00000000000119db      0x23a Drivers/STM32L1xx_HAL_Driver/Src/stm32l1xx_hal.o
 .debug_macro   0x0000000000011c15      0x113 Drivers/STM32L1xx_HAL_Driver/Src/stm32l1xx_hal.o
 .debug_macro   0x0000000000011d28      0x3a5 Drivers/STM32L1xx_HAL_Driver/Src/stm32l1xx_hal.o
 .debug_macro   0x00000000000120cd      0x1ed Drivers/STM32L1xx_HAL_Driver/Src/stm32l1xx_hal.o
 .debug_macro   0x00000000000122ba       0x22 Drivers/STM32L1xx_HAL_Driver/Src/stm32l1xx_hal.o
 .debug_macro   0x00000000000122dc      0x757 Drivers/STM32L1xx_HAL_Driver/Src/stm32l1xx_hal.o
 .debug_macro   0x0000000000012a33       0x59 Drivers/STM32L1xx_HAL_Driver/Src/stm32l1xx_hal.o
 .debug_macro   0x0000000000012a8c      0x287 Drivers/STM32L1xx_HAL_Driver/Src/stm32l1xx_hal.o
 .debug_macro   0x0000000000012d13      0x3ba Drivers/STM32L1xx_HAL_Driver/Src/stm32l1xx_hal.o
 .debug_macro   0x00000000000130cd      0x2f8 Drivers/STM32L1xx_HAL_Driver/Src/stm32l1xx_hal_cortex.o
 .debug_macro   0x00000000000133c5      0x331 Drivers/STM32L1xx_HAL_Driver/Src/stm32l1xx_hal_gpio.o
 .debug_macro   0x00000000000136f6      0x334 Drivers/STM32L1xx_HAL_Driver/Src/stm32l1xx_hal_rcc.o
 .debug_macro   0x0000000000013a2a      0x2f9 Drivers/STM32L1xx_HAL_Driver/Src/stm32l1xx_hal_tim.o
 .debug_macro   0x0000000000013d23      0x2f8 Drivers/STM32L1xx_HAL_Driver/Src/stm32l1xx_hal_tim_ex.o
 .debug_macro   0x000000000001401b      0x2f9 Drivers/STM32L1xx_HAL_Driver/Src/stm32l1xx_hal_uart.o
 .debug_macro   0x0000000000014314      0x2f8 Src/callbacks.o
 .debug_macro   0x000000000001460c      0x2fc Src/main.o
 .debug_macro   0x0000000000014908      0x2f8 Src/stm32l1xx_hal_msp.o
 .debug_macro   0x0000000000014c00      0x302 Src/stm32l1xx_it.o
 .debug_macro   0x0000000000014f02      0x243 Src/syscalls.o
 .debug_macro   0x0000000000015145       0x52 Src/syscalls.o
 .debug_macro   0x0000000000015197       0x8d Src/syscalls.o
 .debug_macro   0x0000000000015224       0x57 Src/syscalls.o
 .debug_macro   0x000000000001527b      0x174 Src/syscalls.o
 .debug_macro   0x00000000000153ef       0x10 Src/syscalls.o
 .debug_macro   0x00000000000153ff       0x35 Src/syscalls.o
 .debug_macro   0x0000000000015434       0x10 Src/syscalls.o
 .debug_macro   0x0000000000015444       0x10 Src/syscalls.o
 .debug_macro   0x0000000000015454       0x35 Src/syscalls.o
 .debug_macro   0x0000000000015489      0x122 Src/syscalls.o
 .debug_macro   0x00000000000155ab       0x16 Src/syscalls.o
 .debug_macro   0x00000000000155c1       0x16 Src/syscalls.o
 .debug_macro   0x00000000000155d7       0x29 Src/syscalls.o
 .debug_macro   0x0000000000015600       0x10 Src/syscalls.o
 .debug_macro   0x0000000000015610      0x241 Src/syscalls.o
 .debug_macro   0x0000000000015851       0x1c Src/syscalls.o
 .debug_macro   0x000000000001586d       0x10 Src/syscalls.o
 .debug_macro   0x000000000001587d      0x189 Src/syscalls.o
 .debug_macro   0x0000000000015a06       0x16 Src/syscalls.o
 .debug_macro   0x0000000000015a1c       0x88 Src/syscalls.o
 .debug_macro   0x0000000000015aa4      0x2fe Src/system_stm32l1xx.o
 .debug_macro   0x0000000000015da2      0x2f8 Src/uart_io.o

.debug_line     0x0000000000000000     0x9639
 .debug_line    0x0000000000000000      0x9b4 Drivers/STM32L1xx_HAL_Driver/Src/stm32l1xx_hal.o
 .debug_line    0x00000000000009b4      0xa90 Drivers/STM32L1xx_HAL_Driver/Src/stm32l1xx_hal_cortex.o
 .debug_line    0x0000000000001444      0x9ba Drivers/STM32L1xx_HAL_Driver/Src/stm32l1xx_hal_gpio.o
 .debug_line    0x0000000000001dfe      0xe61 Drivers/STM32L1xx_HAL_Driver/Src/stm32l1xx_hal_rcc.o
 .debug_line    0x0000000000002c5f     0x16fd Drivers/STM32L1xx_HAL_Driver/Src/stm32l1xx_hal_tim.o
 .debug_line    0x000000000000435c      0x8d5 Drivers/STM32L1xx_HAL_Driver/Src/stm32l1xx_hal_tim_ex.o
 .debug_line    0x0000000000004c31      0xf2e Drivers/STM32L1xx_HAL_Driver/Src/stm32l1xx_hal_uart.o
 .debug_line    0x0000000000005b5f      0x84b Src/callbacks.o
 .debug_line    0x00000000000063aa      0x90e Src/main.o
 .debug_line    0x0000000000006cb8      0x8cc Src/stm32l1xx_hal_msp.o
 .debug_line    0x0000000000007584      0x901 Src/stm32l1xx_it.o
 .debug_line    0x0000000000007e85      0x65a Src/syscalls.o
 .debug_line    0x00000000000084df      0x87d Src/system_stm32l1xx.o
 .debug_line    0x0000000000008d5c      0x85c Src/uart_io.o
 .debug_line    0x00000000000095b8       0x81 startup/startup_stm32l151xba.o

.debug_str      0x0000000000000000    0x7ec27
 .debug_str     0x0000000000000000    0x7b5ed Drivers/STM32L1xx_HAL_Driver/Src/stm32l1xx_hal.o
                                      0x7b9a6 (size before relaxing)
 .debug_str     0x000000000007b5ed      0x3e0 Drivers/STM32L1xx_HAL_Driver/Src/stm32l1xx_hal_cortex.o
                                      0x7baf1 (size before relaxing)
 .debug_str     0x000000000007b9cd      0x29a Drivers/STM32L1xx_HAL_Driver/Src/stm32l1xx_hal_gpio.o
                                      0x7b614 (size before relaxing)
 .debug_str     0x000000000007bc67      0x541 Drivers/STM32L1xx_HAL_Driver/Src/stm32l1xx_hal_rcc.o
                                      0x7b97c (size before relaxing)
 .debug_str     0x000000000007c1a8     0x1012 Drivers/STM32L1xx_HAL_Driver/Src/stm32l1xx_hal_tim.o
                                      0x7c40a (size before relaxing)
 .debug_str     0x000000000007d1ba       0xc7 Drivers/STM32L1xx_HAL_Driver/Src/stm32l1xx_hal_tim_ex.o
                                      0x7b759 (size before relaxing)
 .debug_str     0x000000000007d281      0x51d Drivers/STM32L1xx_HAL_Driver/Src/stm32l1xx_hal_uart.o
                                      0x7bab5 (size before relaxing)
 .debug_str     0x000000000007d79e       0x19 Src/callbacks.o
                                      0x7b72e (size before relaxing)
 .debug_str     0x000000000007d7b7       0x9c Src/main.o
                                      0x7bf84 (size before relaxing)
 .debug_str     0x000000000007d853       0x25 Src/stm32l1xx_hal_msp.o
                                      0x7bc84 (size before relaxing)
 .debug_str     0x000000000007d878       0xd8 Src/stm32l1xx_it.o
                                      0x7b76f (size before relaxing)
 .debug_str     0x000000000007d950     0x1223 Src/syscalls.o
                                       0x8708 (size before relaxing)
 .debug_str     0x000000000007eb73       0x72 Src/system_stm32l1xx.o
                                      0x7b3eb (size before relaxing)
 .debug_str     0x000000000007ebe5       0x11 Src/uart_io.o
                                      0x7b30e (size before relaxing)
 .debug_str     0x000000000007ebf6       0x31 startup/startup_stm32l151xba.o
                                         0x6a (size before relaxing)

.comment        0x0000000000000000       0x7e
 .comment       0x0000000000000000       0x7e Drivers/STM32L1xx_HAL_Driver/Src/stm32l1xx_hal.o
                                         0x7f (size before relaxing)
 .comment       0x000000000000007e       0x7f Drivers/STM32L1xx_HAL_Driver/Src/stm32l1xx_hal_cortex.o
 .comment       0x000000000000007e       0x7f Drivers/STM32L1xx_HAL_Driver/Src/stm32l1xx_hal_gpio.o
 .comment       0x000000000000007e       0x7f Drivers/STM32L1xx_HAL_Driver/Src/stm32l1xx_hal_rcc.o
 .comment       0x000000000000007e       0x7f Drivers/STM32L1xx_HAL_Driver/Src/stm32l1xx_hal_tim.o
 .comment       0x000000000000007e       0x7f Drivers/STM32L1xx_HAL_Driver/Src/stm32l1xx_hal_tim_ex.o
 .comment       0x000000000000007e       0x7f Drivers/STM32L1xx_HAL_Driver/Src/stm32l1xx_hal_uart.o
 .comment       0x000000000000007e       0x7f Src/callbacks.o
 .comment       0x000000000000007e       0x7f Src/main.o
 .comment       0x000000000000007e       0x7f Src/stm32l1xx_hal_msp.o
 .comment       0x000000000000007e       0x7f Src/stm32l1xx_it.o
 .comment       0x000000000000007e       0x7f Src/syscalls.o
 .comment       0x000000000000007e       0x7f Src/system_stm32l1xx.o
 .comment       0x000000000000007e       0x7f Src/uart_io.o

.debug_frame    0x0000000000000000     0x1d00
 .debug_frame   0x0000000000000000      0x168 Drivers/STM32L1xx_HAL_Driver/Src/stm32l1xx_hal.o
 .debug_frame   0x0000000000000168      0x15c Drivers/STM32L1xx_HAL_Driver/Src/stm32l1xx_hal_cortex.o
 .debug_frame   0x00000000000002c4       0xec Drivers/STM32L1xx_HAL_Driver/Src/stm32l1xx_hal_gpio.o
 .debug_frame   0x00000000000003b0      0x168 Drivers/STM32L1xx_HAL_Driver/Src/stm32l1xx_hal_rcc.o
 .debug_frame   0x0000000000000518      0x9c8 Drivers/STM32L1xx_HAL_Driver/Src/stm32l1xx_hal_tim.o
 .debug_frame   0x0000000000000ee0       0x3c Drivers/STM32L1xx_HAL_Driver/Src/stm32l1xx_hal_tim_ex.o
 .debug_frame   0x0000000000000f1c      0x380 Drivers/STM32L1xx_HAL_Driver/Src/stm32l1xx_hal_uart.o
 .debug_frame   0x000000000000129c       0x28 Src/callbacks.o
 .debug_frame   0x00000000000012c4       0xd4 Src/main.o
 .debug_frame   0x0000000000001398       0x98 Src/stm32l1xx_hal_msp.o
 .debug_frame   0x0000000000001430       0xd8 Src/stm32l1xx_it.o
 .debug_frame   0x0000000000001508      0x1a8 Src/syscalls.o
 .debug_frame   0x00000000000016b0       0x30 Src/system_stm32l1xx.o
 .debug_frame   0x00000000000016e0       0x30 Src/uart_io.o
 .debug_frame   0x0000000000001710       0x20 /home/uli/.p2/pool/plugins/fr.ac6.mcu.externaltools.arm-none.linux64_1.16.0.201807130628/tools/st-gnu-arm-gcc-7-2017-q4-major_gdb-5_4-2016q3/bin/../lib/gcc/arm-none-eabi/7.2.1/../../../../arm-none-eabi/lib/thumb/v7-m/libc_nano.a(lib_a-errno.o)
 .debug_frame   0x0000000000001730       0x2c /home/uli/.p2/pool/plugins/fr.ac6.mcu.externaltools.arm-none.linux64_1.16.0.201807130628/tools/st-gnu-arm-gcc-7-2017-q4-major_gdb-5_4-2016q3/bin/../lib/gcc/arm-none-eabi/7.2.1/../../../../arm-none-eabi/lib/thumb/v7-m/libc_nano.a(lib_a-init.o)
 .debug_frame   0x000000000000175c       0x20 /home/uli/.p2/pool/plugins/fr.ac6.mcu.externaltools.arm-none.linux64_1.16.0.201807130628/tools/st-gnu-arm-gcc-7-2017-q4-major_gdb-5_4-2016q3/bin/../lib/gcc/arm-none-eabi/7.2.1/../../../../arm-none-eabi/lib/thumb/v7-m/libc_nano.a(lib_a-memset.o)
 .debug_frame   0x000000000000177c       0x3c /home/uli/.p2/pool/plugins/fr.ac6.mcu.externaltools.arm-none.linux64_1.16.0.201807130628/tools/st-gnu-arm-gcc-7-2017-q4-major_gdb-5_4-2016q3/bin/../lib/gcc/arm-none-eabi/7.2.1/../../../../arm-none-eabi/lib/thumb/v7-m/libc_nano.a(lib_a-puts.o)
 .debug_frame   0x00000000000017b8       0x40 /home/uli/.p2/pool/plugins/fr.ac6.mcu.externaltools.arm-none.linux64_1.16.0.201807130628/tools/st-gnu-arm-gcc-7-2017-q4-major_gdb-5_4-2016q3/bin/../lib/gcc/arm-none-eabi/7.2.1/../../../../arm-none-eabi/lib/thumb/v7-m/libc_nano.a(lib_a-wbuf.o)
 .debug_frame   0x00000000000017f8       0x2c /home/uli/.p2/pool/plugins/fr.ac6.mcu.externaltools.arm-none.linux64_1.16.0.201807130628/tools/st-gnu-arm-gcc-7-2017-q4-major_gdb-5_4-2016q3/bin/../lib/gcc/arm-none-eabi/7.2.1/../../../../arm-none-eabi/lib/thumb/v7-m/libc_nano.a(lib_a-wsetup.o)
 .debug_frame   0x0000000000001824       0x68 /home/uli/.p2/pool/plugins/fr.ac6.mcu.externaltools.arm-none.linux64_1.16.0.201807130628/tools/st-gnu-arm-gcc-7-2017-q4-major_gdb-5_4-2016q3/bin/../lib/gcc/arm-none-eabi/7.2.1/../../../../arm-none-eabi/lib/thumb/v7-m/libc_nano.a(lib_a-fflush.o)
 .debug_frame   0x000000000000188c      0x11c /home/uli/.p2/pool/plugins/fr.ac6.mcu.externaltools.arm-none.linux64_1.16.0.201807130628/tools/st-gnu-arm-gcc-7-2017-q4-major_gdb-5_4-2016q3/bin/../lib/gcc/arm-none-eabi/7.2.1/../../../../arm-none-eabi/lib/thumb/v7-m/libc_nano.a(lib_a-findfp.o)
 .debug_frame   0x00000000000019a8       0x54 /home/uli/.p2/pool/plugins/fr.ac6.mcu.externaltools.arm-none.linux64_1.16.0.201807130628/tools/st-gnu-arm-gcc-7-2017-q4-major_gdb-5_4-2016q3/bin/../lib/gcc/arm-none-eabi/7.2.1/../../../../arm-none-eabi/lib/thumb/v7-m/libc_nano.a(lib_a-fwalk.o)
 .debug_frame   0x00000000000019fc       0x58 /home/uli/.p2/pool/plugins/fr.ac6.mcu.externaltools.arm-none.linux64_1.16.0.201807130628/tools/st-gnu-arm-gcc-7-2017-q4-major_gdb-5_4-2016q3/bin/../lib/gcc/arm-none-eabi/7.2.1/../../../../arm-none-eabi/lib/thumb/v7-m/libc_nano.a(lib_a-makebuf.o)
 .debug_frame   0x0000000000001a54       0x38 /home/uli/.p2/pool/plugins/fr.ac6.mcu.externaltools.arm-none.linux64_1.16.0.201807130628/tools/st-gnu-arm-gcc-7-2017-q4-major_gdb-5_4-2016q3/bin/../lib/gcc/arm-none-eabi/7.2.1/../../../../arm-none-eabi/lib/thumb/v7-m/libc_nano.a(lib_a-nano-freer.o)
 .debug_frame   0x0000000000001a8c       0x2c /home/uli/.p2/pool/plugins/fr.ac6.mcu.externaltools.arm-none.linux64_1.16.0.201807130628/tools/st-gnu-arm-gcc-7-2017-q4-major_gdb-5_4-2016q3/bin/../lib/gcc/arm-none-eabi/7.2.1/../../../../arm-none-eabi/lib/thumb/v7-m/libc_nano.a(lib_a-nano-mallocr.o)
 .debug_frame   0x0000000000001ab8       0x2c /home/uli/.p2/pool/plugins/fr.ac6.mcu.externaltools.arm-none.linux64_1.16.0.201807130628/tools/st-gnu-arm-gcc-7-2017-q4-major_gdb-5_4-2016q3/bin/../lib/gcc/arm-none-eabi/7.2.1/../../../../arm-none-eabi/lib/thumb/v7-m/libc_nano.a(lib_a-sbrkr.o)
 .debug_frame   0x0000000000001ae4       0x88 /home/uli/.p2/pool/plugins/fr.ac6.mcu.externaltools.arm-none.linux64_1.16.0.201807130628/tools/st-gnu-arm-gcc-7-2017-q4-major_gdb-5_4-2016q3/bin/../lib/gcc/arm-none-eabi/7.2.1/../../../../arm-none-eabi/lib/thumb/v7-m/libc_nano.a(lib_a-stdio.o)
 .debug_frame   0x0000000000001b6c       0x2c /home/uli/.p2/pool/plugins/fr.ac6.mcu.externaltools.arm-none.linux64_1.16.0.201807130628/tools/st-gnu-arm-gcc-7-2017-q4-major_gdb-5_4-2016q3/bin/../lib/gcc/arm-none-eabi/7.2.1/../../../../arm-none-eabi/lib/thumb/v7-m/libc_nano.a(lib_a-writer.o)
 .debug_frame   0x0000000000001b98       0x2c /home/uli/.p2/pool/plugins/fr.ac6.mcu.externaltools.arm-none.linux64_1.16.0.201807130628/tools/st-gnu-arm-gcc-7-2017-q4-major_gdb-5_4-2016q3/bin/../lib/gcc/arm-none-eabi/7.2.1/../../../../arm-none-eabi/lib/thumb/v7-m/libc_nano.a(lib_a-closer.o)
 .debug_frame   0x0000000000001bc4       0x2c /home/uli/.p2/pool/plugins/fr.ac6.mcu.externaltools.arm-none.linux64_1.16.0.201807130628/tools/st-gnu-arm-gcc-7-2017-q4-major_gdb-5_4-2016q3/bin/../lib/gcc/arm-none-eabi/7.2.1/../../../../arm-none-eabi/lib/thumb/v7-m/libc_nano.a(lib_a-fstatr.o)
 .debug_frame   0x0000000000001bf0       0x2c /home/uli/.p2/pool/plugins/fr.ac6.mcu.externaltools.arm-none.linux64_1.16.0.201807130628/tools/st-gnu-arm-gcc-7-2017-q4-major_gdb-5_4-2016q3/bin/../lib/gcc/arm-none-eabi/7.2.1/../../../../arm-none-eabi/lib/thumb/v7-m/libc_nano.a(lib_a-isattyr.o)
 .debug_frame   0x0000000000001c1c       0x2c /home/uli/.p2/pool/plugins/fr.ac6.mcu.externaltools.arm-none.linux64_1.16.0.201807130628/tools/st-gnu-arm-gcc-7-2017-q4-major_gdb-5_4-2016q3/bin/../lib/gcc/arm-none-eabi/7.2.1/../../../../arm-none-eabi/lib/thumb/v7-m/libc_nano.a(lib_a-lseekr.o)
 .debug_frame   0x0000000000001c48       0x30 /home/uli/.p2/pool/plugins/fr.ac6.mcu.externaltools.arm-none.linux64_1.16.0.201807130628/tools/st-gnu-arm-gcc-7-2017-q4-major_gdb-5_4-2016q3/bin/../lib/gcc/arm-none-eabi/7.2.1/../../../../arm-none-eabi/lib/thumb/v7-m/libc_nano.a(lib_a-mlock.o)
 .debug_frame   0x0000000000001c78       0x2c /home/uli/.p2/pool/plugins/fr.ac6.mcu.externaltools.arm-none.linux64_1.16.0.201807130628/tools/st-gnu-arm-gcc-7-2017-q4-major_gdb-5_4-2016q3/bin/../lib/gcc/arm-none-eabi/7.2.1/../../../../arm-none-eabi/lib/thumb/v7-m/libc_nano.a(lib_a-readr.o)
 .debug_frame   0x0000000000001ca4       0x5c /home/uli/.p2/pool/plugins/fr.ac6.mcu.externaltools.arm-none.linux64_1.16.0.201807130628/tools/st-gnu-arm-gcc-7-2017-q4-major_gdb-5_4-2016q3/bin/../lib/gcc/arm-none-eabi/7.2.1/../../../../arm-none-eabi/lib/thumb/v7-m/libc_nano.a(lib_a-reent.o)
